Component: ARM Compiler 5.06 update 6 (build 750) Tool: armlink [4d35ed]

==============================================================================

Section Cross References

    main.o(i.Led13_Init) refers to stm32f10x_rcc.o(i.RCC_APB2PeriphClockCmd) for RCC_APB2PeriphClockCmd
    main.o(i.Led13_Init) refers to stm32f10x_gpio.o(i.GPIO_Init) for GPIO_Init
    main.o(i.UART1_Init) refers to stm32f10x_rcc.o(i.RCC_APB2PeriphClockCmd) for RCC_APB2PeriphClockCmd
    main.o(i.UART1_Init) refers to stm32f10x_gpio.o(i.GPIO_Init) for GPIO_Init
    main.o(i.UART1_Init) refers to stm32f10x_usart.o(i.USART_Init) for USART_Init
    main.o(i.UART1_Init) refers to stm32f10x_usart.o(i.USART_Cmd) for USART_Cmd
    main.o(i.UART_SendChar) refers to stm32f10x_usart.o(i.USART_SendData) for USART_SendData
    main.o(i.UART_SendChar) refers to stm32f10x_usart.o(i.USART_GetFlagStatus) for USART_GetFlagStatus
    main.o(i.UART_SendString) refers to main.o(i.UART_SendChar) for UART_SendChar
    main.o(i.main) refers to _printf_pad.o(.text) for _printf_pre_padding
    main.o(i.main) refers to _printf_percent.o(.ARM.Collect$$_printf_percent$$00000000) for _printf_percent
    main.o(i.main) refers to _printf_x.o(.ARM.Collect$$_printf_percent$$0000000C) for _printf_x
    main.o(i.main) refers to _printf_hex_int.o(.text) for _printf_longlong_hex
    main.o(i.main) refers to main.o(i.Led13_Init) for Led13_Init
    main.o(i.main) refers to main.o(i.UART1_Init) for UART1_Init
    main.o(i.main) refers to spi.o(i.SPI_Config) for SPI_Config
    main.o(i.main) refers to delay.o(i.Delay_Init) for Delay_Init
    main.o(i.main) refers to mfrc522.o(i.MFRC522_Init) for MFRC522_Init
    main.o(i.main) refers to spi.o(i.SDCard_InitPin) for SDCard_InitPin
    main.o(i.main) refers to main.o(i.UART_SendString) for UART_SendString
    main.o(i.main) refers to ff.o(i.f_mount) for f_mount
    main.o(i.main) refers to ff.o(i.f_open) for f_open
    main.o(i.main) refers to ff.o(i.f_write) for f_write
    main.o(i.main) refers to ff.o(i.f_close) for f_close
    main.o(i.main) refers to stm32f10x_gpio.o(i.GPIO_SetBits) for GPIO_SetBits
    main.o(i.main) refers to delay.o(i.Delay_Ms) for Delay_Ms
    main.o(i.main) refers to stm32f10x_gpio.o(i.GPIO_ResetBits) for GPIO_ResetBits
    main.o(i.main) refers to mfrc522.o(i.MFRC522_Check) for MFRC522_Check
    main.o(i.main) refers to noretval__2sprintf.o(.text) for __2sprintf
    main.o(i.main) refers to main.o(i.delay) for delay
    spi.o(i.MFRC522_InitPin) refers to stm32f10x_rcc.o(i.RCC_APB2PeriphClockCmd) for RCC_APB2PeriphClockCmd
    spi.o(i.MFRC522_InitPin) refers to stm32f10x_gpio.o(i.GPIO_Init) for GPIO_Init
    spi.o(i.MFRC522_InitPin) refers to stm32f10x_gpio.o(i.GPIO_SetBits) for GPIO_SetBits
    spi.o(i.SDCard_InitPin) refers to stm32f10x_rcc.o(i.RCC_APB2PeriphClockCmd) for RCC_APB2PeriphClockCmd
    spi.o(i.SDCard_InitPin) refers to stm32f10x_gpio.o(i.GPIO_Init) for GPIO_Init
    spi.o(i.SDCard_InitPin) refers to stm32f10x_gpio.o(i.GPIO_SetBits) for GPIO_SetBits
    spi.o(i.SPI_Config) refers to stm32f10x_rcc.o(i.RCC_APB1PeriphClockCmd) for RCC_APB1PeriphClockCmd
    spi.o(i.SPI_Config) refers to stm32f10x_rcc.o(i.RCC_APB2PeriphClockCmd) for RCC_APB2PeriphClockCmd
    spi.o(i.SPI_Config) refers to stm32f10x_gpio.o(i.GPIO_Init) for GPIO_Init
    spi.o(i.SPI_Config) refers to stm32f10x_spi.o(i.SPI_Init) for SPI_Init
    spi.o(i.SPI_Config) refers to stm32f10x_spi.o(i.SPI_Cmd) for SPI_Cmd
    spi.o(i.SPI_Send) refers to stm32f10x_spi.o(i.SPI_I2S_SendData) for SPI_I2S_SendData
    spi.o(i.SPI_Send) refers to stm32f10x_spi.o(i.SPI_I2S_GetFlagStatus) for SPI_I2S_GetFlagStatus
    spi.o(i.SPI_Send) refers to stm32f10x_spi.o(i.SPI_I2S_ReceiveData) for SPI_I2S_ReceiveData
    mfrc522.o(i.MFRC522_AntennaOff) refers to mfrc522.o(i.MFRC522_ClearBitMask) for MFRC522_ClearBitMask
    mfrc522.o(i.MFRC522_AntennaOn) refers to mfrc522.o(i.MFRC522_ReadRegister) for MFRC522_ReadRegister
    mfrc522.o(i.MFRC522_AntennaOn) refers to mfrc522.o(i.MFRC522_SetBitMask) for MFRC522_SetBitMask
    mfrc522.o(i.MFRC522_Anticoll) refers to mfrc522.o(i.MFRC522_WriteRegister) for MFRC522_WriteRegister
    mfrc522.o(i.MFRC522_Anticoll) refers to mfrc522.o(i.MFRC522_ToCard) for MFRC522_ToCard
    mfrc522.o(i.MFRC522_Auth) refers to mfrc522.o(i.MFRC522_ToCard) for MFRC522_ToCard
    mfrc522.o(i.MFRC522_Auth) refers to mfrc522.o(i.MFRC522_ReadRegister) for MFRC522_ReadRegister
    mfrc522.o(i.MFRC522_CalculateCRC) refers to mfrc522.o(i.MFRC522_ClearBitMask) for MFRC522_ClearBitMask
    mfrc522.o(i.MFRC522_CalculateCRC) refers to mfrc522.o(i.MFRC522_SetBitMask) for MFRC522_SetBitMask
    mfrc522.o(i.MFRC522_CalculateCRC) refers to mfrc522.o(i.MFRC522_WriteRegister) for MFRC522_WriteRegister
    mfrc522.o(i.MFRC522_CalculateCRC) refers to mfrc522.o(i.MFRC522_ReadRegister) for MFRC522_ReadRegister
    mfrc522.o(i.MFRC522_Check) refers to mfrc522.o(i.MFRC522_Request) for MFRC522_Request
[...]
    Removing stm32f10x_rcc.o(i.RCC_HSEConfig), (76 bytes).
    Removing stm32f10x_rcc.o(i.RCC_HSICmd), (12 bytes).
    Removing stm32f10x_rcc.o(i.RCC_ITConfig), (32 bytes).
    Removing stm32f10x_rcc.o(i.RCC_LSEConfig), (52 bytes).
    Removing stm32f10x_rcc.o(i.RCC_LSICmd), (12 bytes).
    Removing stm32f10x_rcc.o(i.RCC_MCOConfig), (12 bytes).
    Removing stm32f10x_rcc.o(i.RCC_PCLK1Config), (24 bytes).
    Removing stm32f10x_rcc.o(i.RCC_PCLK2Config), (24 bytes).
    Removing stm32f10x_rcc.o(i.RCC_PLLCmd), (12 bytes).
    Removing stm32f10x_rcc.o(i.RCC_PLLConfig), (28 bytes).
    Removing stm32f10x_rcc.o(i.RCC_RTCCLKCmd), (12 bytes).
    Removing stm32f10x_rcc.o(i.RCC_RTCCLKConfig), (16 bytes).
    Removing stm32f10x_rcc.o(i.RCC_SYSCLKConfig), (24 bytes).
    Removing stm32f10x_rcc.o(i.RCC_USBCLKConfig), (12 bytes).
    Removing stm32f10x_rcc.o(i.RCC_WaitForHSEStartUp), (56 bytes).
    Removing stm32f10x_spi.o(.rev16_text), (4 bytes).
    Removing stm32f10x_spi.o(.revsh_text), (4 bytes).
    Removing stm32f10x_spi.o(.rrx_text), (6 bytes).
    Removing stm32f10x_spi.o(i.I2S_Cmd), (24 bytes).
    Removing stm32f10x_spi.o(i.I2S_Init), (232 bytes).
    Removing stm32f10x_spi.o(i.I2S_StructInit), (20 bytes).
    Removing stm32f10x_spi.o(i.SPI_BiDirectionalLineConfig), (28 bytes).
    Removing stm32f10x_spi.o(i.SPI_CalculateCRC), (24 bytes).
    Removing stm32f10x_spi.o(i.SPI_DataSizeConfig), (18 bytes).
    Removing stm32f10x_spi.o(i.SPI_GetCRC), (16 bytes).
    Removing stm32f10x_spi.o(i.SPI_GetCRCPolynomial), (6 bytes).
    Removing stm32f10x_spi.o(i.SPI_I2S_ClearFlag), (6 bytes).
    Removing stm32f10x_spi.o(i.SPI_I2S_ClearITPendingBit), (20 bytes).
    Removing stm32f10x_spi.o(i.SPI_I2S_DMACmd), (18 bytes).
    Removing stm32f10x_spi.o(i.SPI_I2S_DeInit), (88 bytes).
    Removing stm32f10x_spi.o(i.SPI_I2S_GetITStatus), (52 bytes).
    Removing stm32f10x_spi.o(i.SPI_I2S_ITConfig), (32 bytes).
    Removing stm32f10x_spi.o(i.SPI_NSSInternalSoftwareConfig), (30 bytes).
    Removing stm32f10x_spi.o(i.SPI_SSOutputCmd), (24 bytes).
    Removing stm32f10x_spi.o(i.SPI_StructInit), (24 bytes).
    Removing stm32f10x_spi.o(i.SPI_TransmitCRC), (10 bytes).
    Removing stm32f10x_tim.o(.rev16_text), (4 bytes).
    Removing stm32f10x_tim.o(.revsh_text), (4 bytes).
    Removing stm32f10x_tim.o(.rrx_text), (6 bytes).
    Removing stm32f10x_tim.o(i.TI1_Config), (128 bytes).
    Removing stm32f10x_tim.o(i.TI2_Config), (152 bytes).
    Removing stm32f10x_tim.o(i.TI3_Config), (144 bytes).
    Removing stm32f10x_tim.o(i.TI4_Config), (152 bytes).
    Removing stm32f10x_tim.o(i.TIM_ARRPreloadConfig), (24 bytes).
    Removing stm32f10x_tim.o(i.TIM_BDTRConfig), (32 bytes).
    Removing stm32f10x_tim.o(i.TIM_BDTRStructInit), (18 bytes).
    Removing stm32f10x_tim.o(i.TIM_CCPreloadControl), (24 bytes).
    Removing stm32f10x_tim.o(i.TIM_CCxCmd), (30 bytes).
    Removing stm32f10x_tim.o(i.TIM_CCxNCmd), (30 bytes).
    Removing stm32f10x_tim.o(i.TIM_ClearFlag), (6 bytes).
    Removing stm32f10x_tim.o(i.TIM_ClearITPendingBit), (6 bytes).
    Removing stm32f10x_tim.o(i.TIM_ClearOC1Ref), (18 bytes).
    Removing stm32f10x_tim.o(i.TIM_ClearOC2Ref), (24 bytes).
    Removing stm32f10x_tim.o(i.TIM_ClearOC3Ref), (18 bytes).
    Removing stm32f10x_tim.o(i.TIM_ClearOC4Ref), (24 bytes).
    Removing stm32f10x_tim.o(i.TIM_CounterModeConfig), (18 bytes).
    Removing stm32f10x_tim.o(i.TIM_CtrlPWMOutputs), (30 bytes).
    Removing stm32f10x_tim.o(i.TIM_DMACmd), (18 bytes).
    Removing stm32f10x_tim.o(i.TIM_DMAConfig), (10 bytes).
    Removing stm32f10x_tim.o(i.TIM_DeInit), (488 bytes).
    Removing stm32f10x_tim.o(i.TIM_ETRClockMode1Config), (54 bytes).
    Removing stm32f10x_tim.o(i.TIM_ETRClockMode2Config), (32 bytes).
    Removing stm32f10x_tim.o(i.TIM_ETRConfig), (28 bytes).
    Removing stm32f10x_tim.o(i.TIM_EncoderInterfaceConfig), (66 bytes).
    Removing stm32f10x_tim.o(i.TIM_ForcedOC1Config), (18 bytes).
    Removing stm32f10x_tim.o(i.TIM_ForcedOC2Config), (26 bytes).
    Removing stm32f10x_tim.o(i.TIM_ForcedOC3Config), (18 bytes).
    Removing stm32f10x_tim.o(i.TIM_ForcedOC4Config), (26 bytes).
    Removing stm32f10x_tim.o(i.TIM_GenerateEvent), (4 bytes).
    Removing stm32f10x_tim.o(i.TIM_GetCapture1), (6 bytes).
    Removing stm32f10x_tim.o(i.TIM_GetCapture2), (6 bytes).
    Removing stm32f10x_tim.o(i.TIM_GetCapture3), (6 bytes).
    Removing stm32f10x_tim.o(i.TIM_GetCapture4), (8 bytes).
    Removing stm32f10x_tim.o(i.TIM_GetFlagStatus), (18 bytes).
    Removing stm32f10x_tim.o(i.TIM_GetITStatus), (34 bytes).
    Removing stm32f10x_tim.o(i.TIM_GetPrescaler), (6 bytes).
    Removing stm32f10x_tim.o(i.TIM_ICInit), (172 bytes).
    Removing stm32f10x_tim.o(i.TIM_ICStructInit), (18 bytes).
    Removing stm32f10x_tim.o(i.TIM_ITConfig), (18 bytes).
    Removing stm32f10x_tim.o(i.TIM_ITRxExternalClockConfig), (24 bytes).
    Removing stm32f10x_tim.o(i.TIM_InternalClockConfig), (12 bytes).
    Removing stm32f10x_tim.o(i.TIM_OC1FastConfig), (18 bytes).
    Removing stm32f10x_tim.o(i.TIM_OC1Init), (152 bytes).
    Removing stm32f10x_tim.o(i.TIM_OC1NPolarityConfig), (18 bytes).
    Removing stm32f10x_tim.o(i.TIM_OC1PolarityConfig), (18 bytes).
    Removing stm32f10x_tim.o(i.TIM_OC1PreloadConfig), (18 bytes).
    Removing stm32f10x_tim.o(i.TIM_OC2FastConfig), (26 bytes).
    Removing stm32f10x_tim.o(i.TIM_OC2Init), (164 bytes).
    Removing stm32f10x_tim.o(i.TIM_OC2NPolarityConfig), (26 bytes).
    Removing stm32f10x_tim.o(i.TIM_OC2PolarityConfig), (26 bytes).
    Removing stm32f10x_tim.o(i.TIM_OC2PreloadConfig), (26 bytes).
    Removing stm32f10x_tim.o(i.TIM_OC3FastConfig), (18 bytes).
    Removing stm32f10x_tim.o(i.TIM_OC3Init), (160 bytes).
    Removing stm32f10x_tim.o(i.TIM_OC3NPolarityConfig), (26 bytes).
    Removing stm32f10x_tim.o(i.TIM_OC3PolarityConfig), (26 bytes).
    Removing stm32f10x_tim.o(i.TIM_OC3PreloadConfig), (18 bytes).
    Removing stm32f10x_tim.o(i.TIM_OC4FastConfig), (26 bytes).
    Removing stm32f10x_tim.o(i.TIM_OC4Init), (124 bytes).
    Removing stm32f10x_tim.o(i.TIM_OC4PolarityConfig), (26 bytes).
    Removing stm32f10x_tim.o(i.TIM_OC4PreloadConfig), (26 bytes).
    Removing stm32f10x_tim.o(i.TIM_OCStructInit), (20 bytes).
    Removing stm32f10x_tim.o(i.TIM_PWMIConfig), (124 bytes).
    Removing stm32f10x_tim.o(i.TIM_PrescalerConfig), (6 bytes).
    Removing stm32f10x_tim.o(i.TIM_SelectCCDMA), (24 bytes).
    Removing stm32f10x_tim.o(i.TIM_SelectCOM), (24 bytes).
    Removing stm32f10x_tim.o(i.TIM_SelectHallSensor), (24 bytes).
    Removing stm32f10x_tim.o(i.TIM_SelectInputTrigger), (18 bytes).
    Removing stm32f10x_tim.o(i.TIM_SelectMasterSlaveMode), (18 bytes).
    Removing stm32f10x_tim.o(i.TIM_SelectOCxM), (82 bytes).
    Removing stm32f10x_tim.o(i.TIM_SelectOnePulseMode), (18 bytes).
    Removing stm32f10x_tim.o(i.TIM_SelectOutputTrigger), (18 bytes).
    Removing stm32f10x_tim.o(i.TIM_SelectSlaveMode), (18 bytes).
    Removing stm32f10x_tim.o(i.TIM_SetAutoreload), (4 bytes).
    Removing stm32f10x_tim.o(i.TIM_SetClockDivision), (18 bytes).
    Removing stm32f10x_tim.o(i.TIM_SetCompare1), (4 bytes).
    Removing stm32f10x_tim.o(i.TIM_SetCompare2), (4 bytes).
    Removing stm32f10x_tim.o(i.TIM_SetCompare3), (4 bytes).
    Removing stm32f10x_tim.o(i.TIM_SetCompare4), (6 bytes).
    Removing stm32f10x_tim.o(i.TIM_SetIC1Prescaler), (18 bytes).
    Removing stm32f10x_tim.o(i.TIM_SetIC2Prescaler), (26 bytes).
    Removing stm32f10x_tim.o(i.TIM_SetIC3Prescaler), (18 bytes).
    Removing stm32f10x_tim.o(i.TIM_SetIC4Prescaler), (26 bytes).
    Removing stm32f10x_tim.o(i.TIM_TIxExternalClockConfig), (62 bytes).
    Removing stm32f10x_tim.o(i.TIM_TimeBaseStructInit), (18 bytes).
    Removing stm32f10x_tim.o(i.TIM_UpdateDisableConfig), (24 bytes).
    Removing stm32f10x_tim.o(i.TIM_UpdateRequestConfig), (24 bytes).
    Removing stm32f10x_usart.o(.rev16_text), (4 bytes).
    Removing stm32f10x_usart.o(.revsh_text), (4 bytes).
    Removing stm32f10x_usart.o(.rrx_text), (6 bytes).
    Removing stm32f10x_usart.o(i.USART_ClearFlag), (18 bytes).
    Removing stm32f10x_usart.o(i.USART_ClearITPendingBit), (30 bytes).
    Removing stm32f10x_usart.o(i.USART_ClockInit), (34 bytes).
    Removing stm32f10x_usart.o(i.USART_ClockStructInit), (12 bytes).
    Removing stm32f10x_usart.o(i.USART_DMACmd), (18 bytes).
    Removing stm32f10x_usart.o(i.USART_DeInit), (156 bytes).
    Removing stm32f10x_usart.o(i.USART_GetITStatus), (84 bytes).
    Removing stm32f10x_usart.o(i.USART_HalfDuplexCmd), (24 bytes).
    Removing stm32f10x_usart.o(i.USART_ITConfig), (74 bytes).
    Removing stm32f10x_usart.o(i.USART_IrDACmd), (24 bytes).
    Removing stm32f10x_usart.o(i.USART_IrDAConfig), (18 bytes).
    Removing stm32f10x_usart.o(i.USART_LINBreakDetectLengthConfig), (18 bytes).
    Removing stm32f10x_usart.o(i.USART_LINCmd), (24 bytes).
    Removing stm32f10x_usart.o(i.USART_OneBitMethodCmd), (24 bytes).
    Removing stm32f10x_usart.o(i.USART_OverSampling8Cmd), (22 bytes).
    Removing stm32f10x_usart.o(i.USART_ReceiveData), (10 bytes).
    Removing stm32f10x_usart.o(i.USART_ReceiverWakeUpCmd), (24 bytes).
    Removing stm32f10x_usart.o(i.USART_SendBreak), (10 bytes).
    Removing stm32f10x_usart.o(i.USART_SetAddress), (18 bytes).
    Removing stm32f10x_usart.o(i.USART_SetGuardTime), (16 bytes).
    Removing stm32f10x_usart.o(i.USART_SetPrescaler), (16 bytes).
    Removing stm32f10x_usart.o(i.USART_SmartCardCmd), (24 bytes).
    Removing stm32f10x_usart.o(i.USART_SmartCardNACKCmd), (24 bytes).
    Removing stm32f10x_usart.o(i.USART_StructInit), (24 bytes).
    Removing stm32f10x_usart.o(i.USART_WakeUpConfig), (18 bytes).
    Removing system_stm32f10x.o(.rev16_text), (4 bytes).
    Removing system_stm32f10x.o(.revsh_text), (4 bytes).
    Removing system_stm32f10x.o(.rrx_text), (6 bytes).
    Removing system_stm32f10x.o(i.SystemCoreClockUpdate), (164 bytes).

236 unused section(s) (total 9760 bytes) removed from the image.

==============================================================================

Image Symbol Table

    Local Symbols

    Symbol Name                              Value     Ov Type        Size  Object(Section)

    ../clib/angel/boardlib.s                 0x00000000   Number         0  boardshut.o ABSOLUTE
    ../clib/angel/boardlib.s                 0x00000000   Number         0  boardinit2.o ABSOLUTE
    ../clib/angel/boardlib.s                 0x00000000   Number         0  boardinit3.o ABSOLUTE
    ../clib/angel/boardlib.s                 0x00000000   Number         0  boardinit1.o ABSOLUTE
    ../clib/angel/handlers.s                 0x00000000   Number         0  __scatter_zi.o ABSOLUTE
    ../clib/angel/handlers.s                 0x00000000   Number         0  __scatter_copy.o ABSOLUTE
    ../clib/angel/kernel.s                   0x00000000   Number         0  __rtentry2.o ABSOLUTE
    ../clib/angel/kernel.s                   0x00000000   Number         0  rtexit.o ABSOLUTE
    ../clib/angel/kernel.s                   0x00000000   Number         0  __rtentry4.o ABSOLUTE
    ../clib/angel/kernel.s                   0x00000000   Number         0  __rtentry.o ABSOLUTE
    ../clib/angel/kernel.s                   0x00000000   Number         0  rtexit2.o ABSOLUTE
    ../clib/angel/rt.s                       0x00000000   Number         0  rt_raise.o ABSOLUTE
    ../clib/angel/scatter.s                  0x00000000   Number         0  __scatter.o ABSOLUTE
    ../clib/angel/startup.s                  0x00000000   Number         0  __main.o ABSOLUTE
    ../clib/angel/sys.s                      0x00000000   Number         0  libspace.o ABSOLUTE
    ../clib/angel/sys.s                      0x00000000   Number         0  indicate_semi.o ABSOLUTE
    ../clib/angel/sys.s                      0x00000000   Number         0  sys_stackheap_outer.o ABSOLUTE
    ../clib/angel/sys.s                      0x00000000   Number         0  use_no_semi.o ABSOLUTE
    ../clib/angel/sysapp.c                   0x00000000   Number         0  sys_exit.o ABSOLUTE
    ../clib/angel/sysapp.c                   0x00000000   Number         0  sys_command.o ABSOLUTE
    ../clib/angel/sysapp.c                   0x00000000   Number         0  sys_wrch.o ABSOLUTE
    ../clib/armsys.c                         0x00000000   Number         0  no_argv.o ABSOLUTE
    ../clib/armsys.c                         0x00000000   Number         0  _get_argv_nomalloc.o ABSOLUTE
    ../clib/armsys.c                         0x00000000   Number         0  argv_veneer.o ABSOLUTE
    ../clib/armsys.c                         0x00000000   Number         0  argv_veneer.o ABSOLUTE
    ../clib/heapalloc.c                      0x00000000   Number         0  hrguard.o ABSOLUTE
    ../clib/heapaux.c                        0x00000000   Number         0  heapauxi.o ABSOLUTE
    ../clib/libinit.s                        0x00000000   Number         0  libshutdown.o ABSOLUTE
    ../clib/libinit.s                        0x00000000   Number         0  libshutdown2.o ABSOLUTE
    ../clib/libinit.s                        0x00000000   Number         0  libinit2.o ABSOLUTE
    ../clib/libinit.s                        0x00000000   Number         0  libinit.o ABSOLUTE
    ../clib/misc.s                           0x00000000   Number         0  printf_stubs.o ABSOLUTE
    ../clib/printf.c                         0x00000000   Number         0  _printf_hex_int.o ABSOLUTE
    ../clib/printf.c                         0x00000000   Number         0  _printf_hex_ll.o ABSOLUTE
    ../clib/printf.c                         0x00000000   Number         0  __printf_flags_ss_wp.o ABSOLUTE
    ../clib/printf.c                         0x00000000   Number         0  __printf_ss.o ABSOLUTE
    ../clib/printf.c                         0x00000000   Number         0  __2sprintf.o ABSOLUTE
    ../clib/printf.c                         0x00000000   Number         0  _printf_hex_int_ll.o ABSOLUTE
    ../clib/printf.c                         0x00000000   Number         0  _printf_pad.o ABSOLUTE
    ../clib/printf.c                         0x00000000   Number         0  __printf_ss_wp.o ABSOLUTE
    ../clib/printf.c                         0x00000000   Number         0  _printf_intcommon.o ABSOLUTE
    ../clib/printf.c                         0x00000000   Number         0  __printf_nopercent.o ABSOLUTE
    ../clib/printf.c                         0x00000000   Number         0  _printf_char_common.o ABSOLUTE
    ../clib/printf.c                         0x00000000   Number         0  __printf_wp.o ABSOLUTE
    ../clib/printf.c                         0x00000000   Number         0  __printf_flags_ss.o ABSOLUTE
    ../clib/printf.c                         0x00000000   Number         0  _sputc.o ABSOLUTE
    ../clib/printf.c                         0x00000000   Number         0  __printf_flags.o ABSOLUTE
    ../clib/printf.c                         0x00000000   Number         0  __printf_flags_wp.o ABSOLUTE
    ../clib/printf.c                         0x00000000   Number         0  _printf_hex_ll_ptr.o ABSOLUTE
    ../clib/printf.c                         0x00000000   Number         0  _printf_hex_int_ptr.o ABSOLUTE
    ../clib/printf.c                         0x00000000   Number         0  noretval__2sprintf.o ABSOLUTE
    ../clib/printf.c                         0x00000000   Number         0  __printf.o ABSOLUTE
    ../clib/printf.c                         0x00000000   Number         0  _printf_hex_ptr.o ABSOLUTE
    ../clib/printf.c                         0x00000000   Number         0  _printf_hex_int_ll_ptr.o ABSOLUTE
    ../clib/printf_percent.s                 0x00000000   Number         0  _printf_percent_end.o ABSOLUTE
    ../clib/printf_percent.s                 0x00000000   Number         0  _printf_percent.o ABSOLUTE
    ../clib/printf_percent.s                 0x00000000   Number         0  _printf_x.o ABSOLUTE
    ../clib/signal.c                         0x00000000   Number         0  defsig_rtred_inner.o ABSOLUTE
    ../clib/signal.c                         0x00000000   Number         0  defsig_segv_inner.o ABSOLUTE
    ../clib/signal.c                         0x00000000   Number         0  defsig_rtmem_formal.o ABSOLUTE
    ../clib/signal.c                         0x00000000   Number         0  defsig_rtmem_outer.o ABSOLUTE
    ../clib/signal.c                         0x00000000   Number         0  defsig_cppl_inner.o ABSOLUTE
    ../clib/signal.c                         0x00000000   Number         0  defsig_pvfn_inner.o ABSOLUTE
    ../clib/signal.c                         0x00000000   Number         0  __raise.o ABSOLUTE
    ../clib/signal.c                         0x00000000   Number         0  defsig_fpe_inner.o ABSOLUTE
    ../clib/signal.c                         0x00000000   Number         0  defsig_abrt_inner.o ABSOLUTE
    ../clib/signal.c                         0x00000000   Number         0  defsig_stak_inner.o ABSOLUTE
    ../clib/signal.c                         0x00000000   Number         0  defsig_general.o ABSOLUTE
    ../clib/signal.c                         0x00000000   Number         0  defsig_rtmem_inner.o ABSOLUTE
    ../clib/signal.c                         0x00000000   Number         0  defsig_exit.o ABSOLUTE
    ../clib/signal.c                         0x00000000   Number         0  defsig_other.o ABSOLUTE
    ../clib/signal.s                         0x00000000   Number         0  defsig.o ABSOLUTE
    ../clib/stdlib.c                         0x00000000   Number         0  exit.o ABSOLUTE
    ../fplib/fpinit.s                        0x00000000   Number         0  fpinit.o ABSOLUTE
    C:\Users\Tam\AppData\Local\Arm\Packs\Keil\STM32F1xx_DFP\2.4.1\Device\StdPeriph_Driver\src\misc.c 0x00000000   Number         0  misc.o ABSOLUTE
    C:\Users\Tam\AppData\Local\Arm\Packs\Keil\STM32F1xx_DFP\2.4.1\Device\StdPeriph_Driver\src\stm32f10x_gpio.c 0x00000000   Number         0  stm32f10x_gpio.o ABSOLUTE
    C:\Users\Tam\AppData\Local\Arm\Packs\Keil\STM32F1xx_DFP\2.4.1\Device\StdPeriph_Driver\src\stm32f10x_rcc.c 0x00000000   Number         0  stm32f10x_rcc.o ABSOLUTE
    C:\Users\Tam\AppData\Local\Arm\Packs\Keil\STM32F1xx_DFP\2.4.1\Device\StdPeriph_Driver\src\stm32f10x_spi.c 0x00000000   Number         0  stm32f10x_spi.o ABSOLUTE
    C:\Users\Tam\AppData\Local\Arm\Packs\Keil\STM32F1xx_DFP\2.4.1\Device\StdPeriph_Driver\src\stm32f10x_tim.c 0x00000000   Number         0  stm32f10x_tim.o ABSOLUTE
    C:\Users\Tam\AppData\Local\Arm\Packs\Keil\STM32F1xx_DFP\2.4.1\Device\StdPeriph_Driver\src\stm32f10x_usart.c 0x00000000   Number         0  stm32f10x_usart.o ABSOLUTE
    C:\\Users\\Tam\\AppData\\Local\\Arm\\Packs\\Keil\\STM32F1xx_DFP\\2.4.1\\Device\\StdPeriph_Driver\\src\\misc.c 0x00000000   Number         0  misc.o ABSOLUTE
    C:\\Users\\Tam\\AppData\\Local\\Arm\\Packs\\Keil\\STM32F1xx_DFP\\2.4.1\\Device\\StdPeriph_Driver\\src\\stm32f10x_gpio.c 0x00000000   Number         0  stm32f10x_gpio.o ABSOLUTE
    C:\\Users\\Tam\\AppData\\Local\\Arm\\Packs\\Keil\\STM32F1xx_DFP\\2.4.1\\Device\\StdPeriph_Driver\\src\\stm32f10x_rcc.c 0x00000000   Number         0  stm32f10x_rcc.o ABSOLUTE
    C:\\Users\\Tam\\AppData\\Local\\Arm\\Packs\\Keil\\STM32F1xx_DFP\\2.4.1\\Device\\StdPeriph_Driver\\src\\stm32f10x_spi.c 0x00000000   Number         0  stm32f10x_spi.o ABSOLUTE
    C:\\Users\\Tam\\AppData\\Local\\Arm\\Packs\\Keil\\STM32F1xx_DFP\\2.4.1\\Device\\StdPeriph_Driver\\src\\stm32f10x_tim.c 0x00000000   Number         0  stm32f10x_tim.o ABSOLUTE
    C:\\Users\\Tam\\AppData\\Local\\Arm\\Packs\\Keil\\STM32F1xx_DFP\\2.4.1\\Device\\StdPeriph_Driver\\src\\stm32f10x_usart.c 0x00000000   Number         0  stm32f10x_usart.o ABSOLUTE
    RTE\Device\STM32F101C8\startup_stm32f10x_md.s 0x00000000   Number         0  startup_stm32f10x_md.o ABSOLUTE
    RTE\Device\STM32F101C8\system_stm32f10x.c 0x00000000   Number         0  system_stm32f10x.o ABSOLUTE
    RTE\\Device\\STM32F101C8\\system_stm32f10x.c 0x00000000   Number         0  system_stm32f10x.o ABSOLUTE
    dc.s                                     0x00000000   Number         0  dc.o ABSOLUTE
    delay.c                                  0x00000000   Number         0  delay.o ABSOLUTE
    delay.c                                  0x00000000   Number         0  delay.o ABSOLUTE
    ff.c                                     0x00000000   Number         0  ff.o ABSOLUTE
    main.c                                   0x00000000   Number         0  main.o ABSOLUTE
    main.c                                   0x00000000   Number         0  main.o ABSOLUTE
    mfrc522.c                                0x00000000   Number         0  mfrc522.o ABSOLUTE
    mfrc522.c                                0x00000000   Number         0  mfrc522.o ABSOLUTE
    sdmm.c                                   0x00000000   Number         0  sdmm.o ABSOLUTE
    sdmm.c                                   0x00000000   Number         0  sdmm.o ABSOLUTE
    spi.c                                    0x00000000   Number         0  spi.o ABSOLUTE
    spi.c                                    0x00000000   Number         0  spi.o ABSOLUTE
    RESET                                    0x08000000   Section      236  startup_stm32f10x_md.o(RESET)
    !!!main                                  0x080000ec   Section        8  __main.o(!!!main)
    !!!scatter                               0x080000f4   Section       52  __scatter.o(!!!scatter)
    !!handler_copy                           0x08000128   Section       26  __scatter_copy.o(!!handler_copy)
    !!handler_zi                             0x08000144   Section       28  __scatter_zi.o(!!handler_zi)
    .ARM.Collect$$_printf_percent$$00000000  0x08000160   Section        0  _printf_percent.o(.ARM.Collect$$_printf_percent$$00000000)
    .ARM.Collect$$_printf_percent$$0000000C  0x08000160   Section        6  _printf_x.o(.ARM.Collect$$_printf_percent$$0000000C)
    .ARM.Collect$$_printf_percent$$00000017  0x08000166   Section        4  _printf_percent_end.o(.ARM.Collect$$_printf_percent$$00000017)
    .ARM.Collect$$libinit$$00000000          0x0800016a   Section        2  libinit.o(.ARM.Collect$$libinit$$00000000)
    .ARM.Collect$$libinit$$00000002          0x0800016c   Section        0  libinit2.o(.ARM.Collect$$libinit$$00000002)
    .ARM.Collect$$libinit$$00000004          0x0800016c   Section        0  libinit2.o(.ARM.Collect$$libinit$$00000004)
    .ARM.Collect$$libinit$$0000000A          0x0800016c   Section        0  libinit2.o(.ARM.Collect$$libinit$$0000000A)
    .ARM.Collect$$libinit$$0000000C          0x0800016c   Section        0  libinit2.o(.ARM.Collect$$libinit$$0000000C)
    .ARM.Collect$$libinit$$0000000E          0x0800016c   Section        0  libinit2.o(.ARM.Collect$$libinit$$0000000E)
    .ARM.Collect$$libinit$$00000011          0x0800016c   Section        0  libinit2.o(.ARM.Collect$$libinit$$00000011)
    .ARM.Collect$$libinit$$00000013          0x0800016c   Section        0  libinit2.o(.ARM.Collect$$libinit$$00000013)
    .ARM.Collect$$libinit$$00000015          0x0800016c   Section        0  libinit2.o(.ARM.Collect$$libinit$$00000015)
    .ARM.Collect$$libinit$$00000017          0x0800016c   Section        0  libinit2.o(.ARM.Collect$$libinit$$00000017)
    .ARM.Collect$$libinit$$00000019          0x0800016c   Section        0  libinit2.o(.ARM.Collect$$libinit$$00000019)
    .ARM.Collect$$libinit$$0000001B          0x0800016c   Section        0  libinit2.o(.ARM.Collect$$libinit$$0000001B)
    .ARM.Collect$$libinit$$0000001D          0x0800016c   Section        0  libinit2.o(.ARM.Collect$$libinit$$0000001D)
    .ARM.Collect$$libinit$$0000001F          0x0800016c   Section        0  libinit2.o(.ARM.Collect$$libinit$$0000001F)
    .ARM.Collect$$libinit$$00000021          0x0800016c   Section        0  libinit2.o(.ARM.Collect$$libinit$$00000021)
    .ARM.Collect$$libinit$$00000023          0x0800016c   Section        0  libinit2.o(.ARM.Collect$$libinit$$00000023)
    .ARM.Collect$$libinit$$00000025          0x0800016c   Section        0  libinit2.o(.ARM.Collect$$libinit$$00000025)
    .ARM.Collect$$libinit$$0000002C          0x0800016c   Section        0  libinit2.o(.ARM.Collect$$libinit$$0000002C)
    .ARM.Collect$$libinit$$0000002E          0x0800016c   Section        0  libinit2.o(.ARM.Collect$$libinit$$0000002E)
    .ARM.Collect$$libinit$$00000030          0x0800016c   Section        0  libinit2.o(.ARM.Collect$$libinit$$00000030)
    .ARM.Collect$$libinit$$00000032          0x0800016c   Section        0  libinit2.o(.ARM.Collect$$libinit$$00000032)
    .ARM.Collect$$libinit$$00000033          0x0800016c   Section        2  libinit2.o(.ARM.Collect$$libinit$$00000033)
    .ARM.Collect$$libshutdown$$00000000      0x0800016e   Section        2  libshutdown.o(.ARM.Collect$$libshutdown$$00000000)
    .ARM.Collect$$libshutdown$$00000002      0x08000170   Section        0  libshutdown2.o(.ARM.Collect$$libshutdown$$00000002)
    .ARM.Collect$$libshutdown$$00000004      0x08000170   Section        0  libshutdown2.o(.ARM.Collect$$libshutdown$$00000004)
    .ARM.Collect$$libshutdown$$00000007      0x08000170   Section        0  libshutdown2.o(.ARM.Collect$$libshutdown$$00000007)
    .ARM.Collect$$libshutdown$$0000000A      0x08000170   Section        0  libshutdown2.o(.ARM.Collect$$libshutdown$$0000000A)
    .ARM.Collect$$libshutdown$$0000000C      0x08000170   Section        0  libshutdown2.o(.ARM.Collect$$libshutdown$$0000000C)
    .ARM.Collect$$libshutdown$$0000000F      0x08000170   Section        0  libshutdown2.o(.ARM.Collect$$libshutdown$$0000000F)
    .ARM.Collect$$libshutdown$$00000010      0x08000170   Section        2  libshutdown2.o(.ARM.Collect$$libshutdown$$00000010)
    .ARM.Collect$$rtentry$$00000000          0x08000172   Section        0  __rtentry.o(.ARM.Collect$$rtentry$$00000000)
    .ARM.Collect$$rtentry$$00000002          0x08000172   Section        0  __rtentry2.o(.ARM.Collect$$rtentry$$00000002)
    .ARM.Collect$$rtentry$$00000004          0x08000172   Section        6  __rtentry4.o(.ARM.Collect$$rtentry$$00000004)
    .ARM.Collect$$rtentry$$00000009          0x08000178   Section        0  __rtentry2.o(.ARM.Collect$$rtentry$$00000009)
    .ARM.Collect$$rtentry$$0000000A          0x08000178   Section        4  __rtentry2.o(.ARM.Collect$$rtentry$$0000000A)
    .ARM.Collect$$rtentry$$0000000C          0x0800017c   Section        0  __rtentry2.o(.ARM.Collect$$rtentry$$0000000C)
    .ARM.Collect$$rtentry$$0000000D          0x0800017c   Section        8  __rtentry2.o(.ARM.Collect$$rtentry$$0000000D)
    .ARM.Collect$$rtexit$$00000000           0x08000184   Section        2  rtexit.o(.ARM.Collect$$rtexit$$00000000)
    .ARM.Collect$$rtexit$$00000002           0x08000186   Section        0  rtexit2.o(.ARM.Collect$$rtexit$$00000002)
    .ARM.Collect$$rtexit$$00000003           0x08000186   Section        4  rtexit2.o(.ARM.Collect$$rtexit$$00000003)
    .ARM.Collect$$rtexit$$00000004           0x0800018a   Section        6  rtexit2.o(.ARM.Collect$$rtexit$$00000004)
    .text                                    0x08000190   Section       64  startup_stm32f10x_md.o(.text)
    .text                                    0x080001d0   Section        0  noretval__2sprintf.o(.text)
    .text                                    0x080001f8   Section        0  _printf_pad.o(.text)
    .text                                    0x08000248   Section        0  _printf_hex_int.o(.text)
    .text                                    0x080002a0   Section        0  __printf_flags_wp.o(.text)
    .text                                    0x080003d8   Section        0  heapauxi.o(.text)
    .text                                    0x080003de   Section        0  _printf_intcommon.o(.text)
    .text                                    0x08000490   Section        0  _printf_char_common.o(.text)
    _printf_input_char                       0x08000491   Thumb Code    10  _printf_char_common.o(.text)
    .text                                    0x080004c0   Section        0  _sputc.o(.text)
    .text                                    0x080004ca   Section       74  sys_stackheap_outer.o(.text)
    .text                                    0x08000514   Section        0  exit.o(.text)
    .text                                    0x08000528   Section        8  libspace.o(.text)
    .text                                    0x08000530   Section        0  sys_exit.o(.text)
    .text                                    0x0800053c   Section        2  use_no_semi.o(.text)
    .text                                    0x0800053e   Section        0  indicate_semi.o(.text)
    i.Delay_Init                             0x0800053e   Section        0  delay.o(i.Delay_Init)
    i.Delay_Ms                               0x08000546   Section        0  delay.o(i.Delay_Ms)
    i.Delay_Us                               0x0800055c   Section        0  delay.o(i.Delay_Us)
    i.GPIO_Init                              0x0800057c   Section        0  stm32f10x_gpio.o(i.GPIO_Init)
    i.GPIO_ResetBits                         0x08000692   Section        0  stm32f10x_gpio.o(i.GPIO_ResetBits)
    i.GPIO_SetBits                           0x08000696   Section        0  stm32f10x_gpio.o(i.GPIO_SetBits)
    i.Led13_Init                             0x0800069c   Section        0  main.o(i.Led13_Init)
    i.MFRC522_AntennaOn                      0x080006d0   Section        0  mfrc522.o(i.MFRC522_AntennaOn)
    i.MFRC522_Anticoll                       0x080006ea   Section        0  mfrc522.o(i.MFRC522_Anticoll)
    i.MFRC522_CalculateCRC                   0x08000734   Section        0  mfrc522.o(i.MFRC522_CalculateCRC)
    i.MFRC522_Check                          0x08000798   Section        0  mfrc522.o(i.MFRC522_Check)
    i.MFRC522_ClearBitMask                   0x080007b8   Section        0  mfrc522.o(i.MFRC522_ClearBitMask)
    i.MFRC522_Halt                           0x080007d2   Section        0  mfrc522.o(i.MFRC522_Halt)
    i.MFRC522_Init                           0x080007fe   Section        0  mfrc522.o(i.MFRC522_Init)
    i.MFRC522_InitPin                        0x08000848   Section        0  spi.o(i.MFRC522_InitPin)
    i.MFRC522_ReadRegister                   0x08000880   Section        0  mfrc522.o(i.MFRC522_ReadRegister)
    i.MFRC522_Request                        0x080008b8   Section        0  mfrc522.o(i.MFRC522_Request)
    i.MFRC522_Reset                          0x080008ea   Section        0  mfrc522.o(i.MFRC522_Reset)
    i.MFRC522_SetBitMask                     0x080008f6   Section        0  mfrc522.o(i.MFRC522_SetBitMask)
    i.MFRC522_ToCard                         0x08000910   Section        0  mfrc522.o(i.MFRC522_ToCard)
    i.MFRC522_WriteRegister                  0x08000a3c   Section        0  mfrc522.o(i.MFRC522_WriteRegister)
    i.RCC_APB1PeriphClockCmd                 0x08000a6c   Section        0  stm32f10x_rcc.o(i.RCC_APB1PeriphClockCmd)
    i.RCC_APB2PeriphClockCmd                 0x08000a8c   Section        0  stm32f10x_rcc.o(i.RCC_APB2PeriphClockCmd)
    i.RCC_GetClocksFreq                      0x08000aac   Section        0  stm32f10x_rcc.o(i.RCC_GetClocksFreq)
    i.SDCard_InitPin                         0x08000b80   Section        0  spi.o(i.SDCard_InitPin)
    i.SPI_Cmd                                0x08000bb8   Section        0  stm32f10x_spi.o(i.SPI_Cmd)
    i.SPI_Config                             0x08000bd0   Section        0  spi.o(i.SPI_Config)
    i.SPI_I2S_GetFlagStatus                  0x08000c70   Section        0  stm32f10x_spi.o(i.SPI_I2S_GetFlagStatus)
    i.SPI_I2S_ReceiveData                    0x08000c82   Section        0  stm32f10x_spi.o(i.SPI_I2S_ReceiveData)
    i.SPI_I2S_SendData                       0x08000c88   Section        0  stm32f10x_spi.o(i.SPI_I2S_SendData)
    i.SPI_Init                               0x08000c8c   Section        0  stm32f10x_spi.o(i.SPI_Init)
    i.SPI_Send                               0x08000cc8   Section        0  spi.o(i.SPI_Send)
    i.SetSysClock                            0x08000cf0   Section        0  system_stm32f10x.o(i.SetSysClock)
    SetSysClock                              0x08000cf1   Thumb Code     8  system_stm32f10x.o(i.SetSysClock)
    i.SetSysClockTo72                        0x08000cf8   Section        0  system_stm32f10x.o(i.SetSysClockTo72)
    SetSysClockTo72                          0x08000cf9   Thumb Code   214  system_stm32f10x.o(i.SetSysClockTo72)
    i.SystemInit                             0x08000dd8   Section        0  system_stm32f10x.o(i.SystemInit)
    i.TIM_Cmd                                0x08000e38   Section        0  stm32f10x_tim.o(i.TIM_Cmd)
    i.TIM_GetCounter                         0x08000e50   Section        0  stm32f10x_tim.o(i.TIM_GetCounter)
    i.TIM_SetCounter                         0x08000e56   Section        0  stm32f10x_tim.o(i.TIM_SetCounter)
    i.TIM_TimeBaseInit                       0x08000e5c   Section        0  stm32f10x_tim.o(i.TIM_TimeBaseInit)
    i.Timer_Init                             0x08000f00   Section        0  delay.o(i.Timer_Init)
    Timer_Init                               0x08000f01   Thumb Code    66  delay.o(i.Timer_Init)
    i.UART1_Init                             0x08000f50   Section        0  main.o(i.UART1_Init)
    i.UART_SendChar                          0x08000fd0   Section        0  main.o(i.UART_SendChar)
    i.UART_SendString                        0x08000ff2   Section        0  main.o(i.UART_SendString)
    i.USART_Cmd                              0x0800100c   Section        0  stm32f10x_usart.o(i.USART_Cmd)
    i.USART_GetFlagStatus                    0x08001024   Section        0  stm32f10x_usart.o(i.USART_GetFlagStatus)
    i.USART_Init                             0x08001040   Section        0  stm32f10x_usart.o(i.USART_Init)
    i.USART_SendData                         0x08001118   Section        0  stm32f10x_usart.o(i.USART_SendData)
    i._is_digit                              0x08001120   Section        0  __printf_wp.o(i._is_digit)
    i.check_fs                               0x08001130   Section        0  ff.o(i.check_fs)
    check_fs                                 0x08001131   Thumb Code   114  ff.o(i.check_fs)
    i.chk_chr                                0x080011b0   Section        0  ff.o(i.chk_chr)
    chk_chr                                  0x080011b1   Thumb Code    20  ff.o(i.chk_chr)
    i.clst2sect                              0x080011c4   Section        0  ff.o(i.clst2sect)
    clst2sect                                0x080011c5   Thumb Code    26  ff.o(i.clst2sect)
    i.create_chain                           0x080011de   Section        0  ff.o(i.create_chain)
    create_chain                             0x080011df   Thumb Code   288  ff.o(i.create_chain)
    i.create_name                            0x08001300   Section        0  ff.o(i.create_name)
    create_name                              0x08001301   Thumb Code   244  ff.o(i.create_name)
    i.dbc_1st                                0x08001404   Section        0  ff.o(i.dbc_1st)
    dbc_1st                                  0x08001405   Thumb Code    46  ff.o(i.dbc_1st)
    i.dbc_2nd                                0x08001438   Section        0  ff.o(i.dbc_2nd)
    dbc_2nd                                  0x08001439   Thumb Code    66  ff.o(i.dbc_2nd)
    i.delay                                  0x08001480   Section        0  main.o(i.delay)
    i.deselect                               0x080014a4   Section        0  sdmm.o(i.deselect)
    deselect                                 0x080014a5   Thumb Code    22  sdmm.o(i.deselect)
    i.dir_alloc                              0x080014c0   Section        0  ff.o(i.dir_alloc)
    dir_alloc                                0x080014c1   Thumb Code    96  ff.o(i.dir_alloc)
    i.dir_clear                              0x08001520   Section        0  ff.o(i.dir_clear)
    dir_clear                                0x08001521   Thumb Code    96  ff.o(i.dir_clear)
    i.dir_find                               0x08001580   Section        0  ff.o(i.dir_find)
    dir_find                                 0x08001581   Thumb Code   108  ff.o(i.dir_find)
    i.dir_next                               0x080015ec   Section        0  ff.o(i.dir_next)
    dir_next                                 0x080015ed   Thumb Code   202  ff.o(i.dir_next)
    i.dir_register                           0x080016b6   Section        0  ff.o(i.dir_register)
    dir_register                             0x080016b7   Thumb Code    60  ff.o(i.dir_register)
    i.dir_sdi                                0x080016f2   Section        0  ff.o(i.dir_sdi)
    dir_sdi                                  0x080016f3   Thumb Code   154  ff.o(i.dir_sdi)
    i.disk_initialize                        0x0800178c   Section        0  sdmm.o(i.disk_initialize)
    i.disk_ioctl                             0x080018ac   Section        0  sdmm.o(i.disk_ioctl)
    i.disk_read                              0x08001988   Section        0  sdmm.o(i.disk_read)
    i.disk_status                            0x08001a08   Section        0  sdmm.o(i.disk_status)
    i.disk_write                             0x08001a1c   Section        0  sdmm.o(i.disk_write)
    i.dly_us                                 0x08001ab8   Section        0  sdmm.o(i.dly_us)
    dly_us                                   0x08001ab9   Thumb Code    12  sdmm.o(i.dly_us)
    i.f_close                                0x08001ac4   Section        0  ff.o(i.f_close)
    i.f_mount                                0x08001ae8   Section        0  ff.o(i.f_mount)
    i.f_open                                 0x08001b3c   Section        0  ff.o(i.f_open)
    i.f_sync                                 0x08001d00   Section        0  ff.o(i.f_sync)
    i.f_write                                0x08001d78   Section        0  ff.o(i.f_write)
    i.find_volume                            0x08001f4a   Section        0  ff.o(i.find_volume)
    find_volume                              0x08001f4b   Thumb Code   120  ff.o(i.find_volume)
    i.follow_path                            0x08001fc2   Section        0  ff.o(i.follow_path)
    follow_path                              0x08001fc3   Thumb Code   158  ff.o(i.follow_path)
    i.get_fat                                0x08002060   Section        0  ff.o(i.get_fat)
    get_fat                                  0x08002061   Thumb Code   224  ff.o(i.get_fat)
    i.get_ldnumber                           0x08002140   Section        0  ff.o(i.get_ldnumber)
    get_ldnumber                             0x08002141   Thumb Code    78  ff.o(i.get_ldnumber)
    i.ld_clust                               0x0800218e   Section        0  ff.o(i.ld_clust)
    ld_clust                                 0x0800218f   Thumb Code    38  ff.o(i.ld_clust)
    i.ld_dword                               0x080021b4   Section        0  ff.o(i.ld_dword)
    ld_dword                                 0x080021b5   Thumb Code    24  ff.o(i.ld_dword)
    i.ld_word                                0x080021cc   Section        0  ff.o(i.ld_word)
    ld_word                                  0x080021cd   Thumb Code    12  ff.o(i.ld_word)
    i.main                                   0x080021d8   Section        0  main.o(i.main)
    i.mem_cmp                                0x080022e4   Section        0  ff.o(i.mem_cmp)
    mem_cmp                                  0x080022e5   Thumb Code    36  ff.o(i.mem_cmp)
    i.mem_cpy                                0x08002308   Section        0  ff.o(i.mem_cpy)
    mem_cpy                                  0x08002309   Thumb Code    26  ff.o(i.mem_cpy)
    i.mem_set                                0x08002322   Section        0  ff.o(i.mem_set)
    mem_set                                  0x08002323   Thumb Code    18  ff.o(i.mem_set)
    i.mount_volume                           0x08002334   Section        0  ff.o(i.mount_volume)
    mount_volume                             0x08002335   Thumb Code   658  ff.o(i.mount_volume)
    i.move_window                            0x080025dc   Section        0  ff.o(i.move_window)
    move_window                              0x080025dd   Thumb Code    52  ff.o(i.move_window)
    i.put_fat                                0x08002610   Section        0  ff.o(i.put_fat)
    put_fat                                  0x08002611   Thumb Code   312  ff.o(i.put_fat)
    i.rcvr_datablock                         0x08002748   Section        0  sdmm.o(i.rcvr_datablock)
    rcvr_datablock                           0x08002749   Thumb Code    76  sdmm.o(i.rcvr_datablock)
    i.rcvr_mmc                               0x08002794   Section        0  sdmm.o(i.rcvr_mmc)
    rcvr_mmc                                 0x08002795   Thumb Code    26  sdmm.o(i.rcvr_mmc)
    i.remove_chain                           0x080027ae   Section        0  ff.o(i.remove_chain)
    remove_chain                             0x080027af   Thumb Code   154  ff.o(i.remove_chain)
    i.select                                 0x08002848   Section        0  sdmm.o(i.select)
    select                                   0x08002849   Thumb Code    38  sdmm.o(i.select)
    i.send_cmd                               0x08002874   Section        0  sdmm.o(i.send_cmd)
    send_cmd                                 0x08002875   Thumb Code   156  sdmm.o(i.send_cmd)
    i.st_clust                               0x08002910   Section        0  ff.o(i.st_clust)
    st_clust                                 0x08002911   Thumb Code    36  ff.o(i.st_clust)
    i.st_dword                               0x08002934   Section        0  ff.o(i.st_dword)
    st_dword                                 0x08002935   Thumb Code    24  ff.o(i.st_dword)
    i.st_word                                0x0800294c   Section        0  ff.o(i.st_word)
    st_word                                  0x0800294d   Thumb Code    12  ff.o(i.st_word)
    i.sync_fs                                0x08002958   Section        0  ff.o(i.sync_fs)
    sync_fs                                  0x08002959   Thumb Code   134  ff.o(i.sync_fs)
    i.sync_window                            0x080029e8   Section        0  ff.o(i.sync_window)
    sync_window                              0x080029e9   Thumb Code    74  ff.o(i.sync_window)
    i.validate                               0x08002a32   Section        0  ff.o(i.validate)
    validate                                 0x08002a33   Thumb Code    60  ff.o(i.validate)
    i.wait_ready                             0x08002a6e   Section        0  sdmm.o(i.wait_ready)
    wait_ready                               0x08002a6f   Thumb Code    50  sdmm.o(i.wait_ready)
    i.xmit_datablock                         0x08002aa0   Section        0  sdmm.o(i.xmit_datablock)
    xmit_datablock                           0x08002aa1   Thumb Code    78  sdmm.o(i.xmit_datablock)
    i.xmit_mmc                               0x08002aee   Section        0  sdmm.o(i.xmit_mmc)
    xmit_mmc                                 0x08002aef   Thumb Code    26  sdmm.o(i.xmit_mmc)
    .constdata                               0x08002b08   Section       10  ff.o(.constdata)
    DbcTbl                                   0x08002b08   Data          10  ff.o(.constdata)
    .constdata                               0x08002b12   Section       40  _printf_hex_int.o(.constdata)
    uc_hextab                                0x08002b12   Data          20  _printf_hex_int.o(.constdata)
    lc_hextab                                0x08002b26   Data          20  _printf_hex_int.o(.constdata)
    .constdata                               0x08002b3a   Section       17  __printf_flags_wp.o(.constdata)
    maptable                                 0x08002b3a   Data          17  __printf_flags_wp.o(.constdata)
    .data                                    0x20000000   Section        2  sdmm.o(.data)
    Stat                                     0x20000000   Data           1  sdmm.o(.data)
    CardType                                 0x20000001   Data           1  sdmm.o(.data)
    .data                                    0x20000004   Section        6  ff.o(.data)
    FatFs                                    0x20000004   Data           4  ff.o(.data)
    Fsid                                     0x20000008   Data           2  ff.o(.data)
    .data                                    0x2000000a   Section       20  stm32f10x_rcc.o(.data)
    APBAHBPrescTable                         0x2000000a   Data          16  stm32f10x_rcc.o(.data)
    ADCPrescTable                            0x2000001a   Data           4  stm32f10x_rcc.o(.data)
    .data                                    0x20000020   Section       20  system_stm32f10x.o(.data)
    .bss                                     0x20000034   Section       96  libspace.o(.bss)
    HEAP                                     0x20000098   Section      512  startup_stm32f10x_md.o(HEAP)
    Heap_Mem                                 0x20000098   Data         512  startup_stm32f10x_md.o(HEAP)
    STACK                                    0x20000298   Section     1024  startup_stm32f10x_md.o(STACK)
    Stack_Mem                                0x20000298   Data        1024  startup_stm32f10x_md.o(STACK)
    __initial_sp                             0x20000698   Data           0  startup_stm32f10x_md.o(STACK)

    Global Symbols

    Symbol Name                              Value     Ov Type        Size  Object(Section)

    BuildAttributes$$THM_ISAv4$P$D$K$B$S$PE$A:L22UL41UL21$X:L11$S22US41US21$IEEE1$IW$USESV6$~STKCKD$USESV7$~SHL$OSPACE$ROPI$EBA8$UX$STANDARDLIB$REQ8$PRES8$EABIv2 0x00000000   Number         0  anon$$obj.o ABSOLUTE
    __ARM_use_no_argv                        0x00000000   Number         0  main.o ABSOLUTE
    _printf_flags                            0x00000000   Number         0  printf_stubs.o ABSOLUTE
    _printf_return_value                     0x00000000   Number         0  printf_stubs.o ABSOLUTE
    _printf_sizespec                         0x00000000   Number         0  printf_stubs.o ABSOLUTE
    _printf_widthprec                        0x00000000   Number         0  printf_stubs.o ABSOLUTE
    __ARM_exceptions_init                     - Undefined Weak Reference
    __alloca_initialize                       - Undefined Weak Reference
    __arm_preinit_                            - Undefined Weak Reference
    __cpp_initialize__aeabi_                  - Undefined Weak Reference
    __cxa_finalize                            - Undefined Weak Reference
    __rt_locale                               - Undefined Weak Reference
    __sigvec_lookup                           - Undefined Weak Reference
    _atexit_init                              - Undefined Weak Reference
    _call_atexit_fns                          - Undefined Weak Reference
    _clock_init                               - Undefined Weak Reference
    _fp_trap_init                             - Undefined Weak Reference
    _fp_trap_shutdown                         - Undefined Weak Reference
    _get_lc_collate                           - Undefined Weak Reference
    _get_lc_ctype                             - Undefined Weak Reference
    _get_lc_monetary                          - Undefined Weak Reference
    _get_lc_numeric                           - Undefined Weak Reference
    _get_lc_time                              - Undefined Weak Reference
    _getenv_init                              - Undefined Weak Reference
    _handle_redirection                       - Undefined Weak Reference
    _init_alloc                               - Undefined Weak Reference
    _init_user_alloc                          - Undefined Weak Reference
    _initio                                   - Undefined Weak Reference
    _printf_truncate_unsigned                 - Undefined Weak Reference
    _rand_init                                - Undefined Weak Reference
    _signal_finish                            - Undefined Weak Reference
    _signal_init                              - Undefined Weak Reference
    _terminate_alloc                          - Undefined Weak Reference
    _terminate_user_alloc                     - Undefined Weak Reference
    _terminateio                              - Undefined Weak Reference
    __Vectors_Size                           0x000000ec   Number         0  startup_stm32f10x_md.o ABSOLUTE
    __Vectors                                0x08000000   Data           4  startup_stm32f10x_md.o(RESET)
    __Vectors_End                            0x080000ec   Data           0  startup_stm32f10x_md.o(RESET)
    __main                                   0x080000ed   Thumb Code     8  __main.o(!!!main)
    __scatterload                            0x080000f5   Thumb Code     0  __scatter.o(!!!scatter)
    __scatterload_rt2                        0x080000f5   Thumb Code    44  __scatter.o(!!!scatter)
    __scatterload_rt2_thumb_only             0x080000f5   Thumb Code     0  __scatter.o(!!!scatter)
    __scatterload_null                       0x08000103   Thumb Code     0  __scatter.o(!!!scatter)
    __scatterload_copy                       0x08000129   Thumb Code    26  __scatter_copy.o(!!handler_copy)
    __scatterload_zeroinit                   0x08000145   Thumb Code    28  __scatter_zi.o(!!handler_zi)
    _printf_percent                          0x08000161   Thumb Code     0  _printf_percent.o(.ARM.Collect$$_printf_percent$$00000000)
    _printf_x                                0x08000161   Thumb Code     0  _printf_x.o(.ARM.Collect$$_printf_percent$$0000000C)
    _printf_percent_end                      0x08000167   Thumb Code     0  _printf_percent_end.o(.ARM.Collect$$_printf_percent$$00000017)
    __rt_lib_init                            0x0800016b   Thumb Code     0  libinit.o(.ARM.Collect$$libinit$$00000000)
    __rt_lib_init_alloca_1                   0x0800016d   Thumb Code     0  libinit2.o(.ARM.Collect$$libinit$$0000002E)
    __rt_lib_init_argv_1                     0x0800016d   Thumb Code     0  libinit2.o(.ARM.Collect$$libinit$$0000002C)
    __rt_lib_init_atexit_1                   0x0800016d   Thumb Code     0  libinit2.o(.ARM.Collect$$libinit$$0000001B)
    __rt_lib_init_clock_1                    0x0800016d   Thumb Code     0  libinit2.o(.ARM.Collect$$libinit$$00000021)
    __rt_lib_init_cpp_1                      0x0800016d   Thumb Code     0  libinit2.o(.ARM.Collect$$libinit$$00000032)
    __rt_lib_init_exceptions_1               0x0800016d   Thumb Code     0  libinit2.o(.ARM.Collect$$libinit$$00000030)
    __rt_lib_init_fp_1                       0x0800016d   Thumb Code     0  libinit2.o(.ARM.Collect$$libinit$$00000002)
    __rt_lib_init_fp_trap_1                  0x0800016d   Thumb Code     0  libinit2.o(.ARM.Collect$$libinit$$0000001F)
    __rt_lib_init_getenv_1                   0x0800016d   Thumb Code     0  libinit2.o(.ARM.Collect$$libinit$$00000023)
    __rt_lib_init_heap_1                     0x0800016d   Thumb Code     0  libinit2.o(.ARM.Collect$$libinit$$0000000A)
    __rt_lib_init_lc_collate_1               0x0800016d   Thumb Code     0  libinit2.o(.ARM.Collect$$libinit$$00000011)
    __rt_lib_init_lc_ctype_1                 0x0800016d   Thumb Code     0  libinit2.o(.ARM.Collect$$libinit$$00000013)
    __rt_lib_init_lc_monetary_1              0x0800016d   Thumb Code     0  libinit2.o(.ARM.Collect$$libinit$$00000015)
    __rt_lib_init_lc_numeric_1               0x0800016d   Thumb Code     0  libinit2.o(.ARM.Collect$$libinit$$00000017)
    __rt_lib_init_lc_time_1                  0x0800016d   Thumb Code     0  libinit2.o(.ARM.Collect$$libinit$$00000019)
    __rt_lib_init_preinit_1                  0x0800016d   Thumb Code     0  libinit2.o(.ARM.Collect$$libinit$$00000004)
    __rt_lib_init_rand_1                     0x0800016d   Thumb Code     0  libinit2.o(.ARM.Collect$$libinit$$0000000E)
    __rt_lib_init_return                     0x0800016d   Thumb Code     0  libinit2.o(.ARM.Collect$$libinit$$00000033)
    __rt_lib_init_signal_1                   0x0800016d   Thumb Code     0  libinit2.o(.ARM.Collect$$libinit$$0000001D)
    __rt_lib_init_stdio_1                    0x0800016d   Thumb Code     0  libinit2.o(.ARM.Collect$$libinit$$00000025)
    __rt_lib_init_user_alloc_1               0x0800016d   Thumb Code     0  libinit2.o(.ARM.Collect$$libinit$$0000000C)
    __rt_lib_shutdown                        0x0800016f   Thumb Code     0  libshutdown.o(.ARM.Collect$$libshutdown$$00000000)
    __rt_lib_shutdown_cpp_1                  0x08000171   Thumb Code     0  libshutdown2.o(.ARM.Collect$$libshutdown$$00000002)
    __rt_lib_shutdown_fp_trap_1              0x08000171   Thumb Code     0  libshutdown2.o(.ARM.Collect$$libshutdown$$00000007)
    __rt_lib_shutdown_heap_1                 0x08000171   Thumb Code     0  libshutdown2.o(.ARM.Collect$$libshutdown$$0000000F)
    __rt_lib_shutdown_return                 0x08000171   Thumb Code     0  libshutdown2.o(.ARM.Collect$$libshutdown$$00000010)
    __rt_lib_shutdown_signal_1               0x08000171   Thumb Code     0  libshutdown2.o(.ARM.Collect$$libshutdown$$0000000A)
    __rt_lib_shutdown_stdio_1                0x08000171   Thumb Code     0  libshutdown2.o(.ARM.Collect$$libshutdown$$00000004)
    __rt_lib_shutdown_user_alloc_1           0x08000171   Thumb Code     0  libshutdown2.o(.ARM.Collect$$libshutdown$$0000000C)
    __rt_entry                               0x08000173   Thumb Code     0  __rtentry.o(.ARM.Collect$$rtentry$$00000000)
    __rt_entry_presh_1                       0x08000173   Thumb Code     0  __rtentry2.o(.ARM.Collect$$rtentry$$00000002)
    __rt_entry_sh                            0x08000173   Thumb Code     0  __rtentry4.o(.ARM.Collect$$rtentry$$00000004)
    __rt_entry_li                            0x08000179   Thumb Code     0  __rtentry2.o(.ARM.Collect$$rtentry$$0000000A)
    __rt_entry_postsh_1                      0x08000179   Thumb Code     0  __rtentry2.o(.ARM.Collect$$rtentry$$00000009)
    __rt_entry_main                          0x0800017d   Thumb Code     0  __rtentry2.o(.ARM.Collect$$rtentry$$0000000D)
    __rt_entry_postli_1                      0x0800017d   Thumb Code     0  __rtentry2.o(.ARM.Collect$$rtentry$$0000000C)
    __rt_exit                                0x08000185   Thumb Code     0  rtexit.o(.ARM.Collect$$rtexit$$00000000)
    __rt_exit_ls                             0x08000187   Thumb Code     0  rtexit2.o(.ARM.Collect$$rtexit$$00000003)
    __rt_exit_prels_1                        0x08000187   Thumb Code     0  rtexit2.o(.ARM.Collect$$rtexit$$00000002)
    __rt_exit_exit                           0x0800018b   Thumb Code     0  rtexit2.o(.ARM.Collect$$rtexit$$00000004)
    Reset_Handler                            0x08000191   Thumb Code     8  startup_stm32f10x_md.o(.text)
    NMI_Handler                              0x08000199   Thumb Code     2  startup_stm32f10x_md.o(.text)
    HardFault_Handler                        0x0800019b   Thumb Code     2  startup_stm32f10x_md.o(.text)
    MemManage_Handler                        0x0800019d   Thumb Code     2  startup_stm32f10x_md.o(.text)
    BusFault_Handler                         0x0800019f   Thumb Code     2  startup_stm32f10x_md.o(.text)
    UsageFault_Handler                       0x080001a1   Thumb Code     2  startup_stm32f10x_md.o(.text)
    SVC_Handler                              0x080001a3   Thumb Code     2  startup_stm32f10x_md.o(.text)
    DebugMon_Handler                         0x080001a5   Thumb Code     2  startup_stm32f10x_md.o(.text)
    PendSV_Handler                           0x080001a7   Thumb Code     2  startup_stm32f10x_md.o(.text)
    SysTick_Handler                          0x080001a9   Thumb Code     2  startup_stm32f10x_md.o(.text)
    ADC1_2_IRQHandler                        0x080001ab   Thumb Code     0  startup_stm32f10x_md.o(.text)
    CAN1_RX1_IRQHandler                      0x080001ab   Thumb Code     0  startup_stm32f10x_md.o(.text)
    CAN1_SCE_IRQHandler                      0x080001ab   Thumb Code     0  startup_stm32f10x_md.o(.text)
    DMA1_Channel1_IRQHandler                 0x080001ab   Thumb Code     0  startup_stm32f10x_md.o(.text)
    DMA1_Channel2_IRQHandler                 0x080001ab   Thumb Code     0  startup_stm32f10x_md.o(.text)
    DMA1_Channel3_IRQHandler                 0x080001ab   Thumb Code     0  startup_stm32f10x_md.o(.text)
    DMA1_Channel4_IRQHandler                 0x080001ab   Thumb Code     0  startup_stm32f10x_md.o(.text)
    DMA1_Channel5_IRQHandler                 0x080001ab   Thumb Code     0  startup_stm32f10x_md.o(.text)
    DMA1_Channel6_IRQHandler                 0x080001ab   Thumb Code     0  startup_stm32f10x_md.o(.text)
    DMA1_Channel7_IRQHandler                 0x080001ab   Thumb Code     0  startup_stm32f10x_md.o(.text)
    EXTI0_IRQHandler                         0x080001ab   Thumb Code     0  startup_stm32f10x_md.o(.text)
    EXTI15_10_IRQHandler                     0x080001ab   Thumb Code     0  startup_stm32f10x_md.o(.text)
    EXTI1_IRQHandler                         0x080001ab   Thumb Code     0  startup_stm32f10x_md.o(.text)
    EXTI2_IRQHandler                         0x080001ab   Thumb Code     0  startup_stm32f10x_md.o(.text)
    EXTI3_IRQHandler                         0x080001ab   Thumb Code     0  startup_stm32f10x_md.o(.text)
    EXTI4_IRQHandler                         0x080001ab   Thumb Code     0  startup_stm32f10x_md.o(.text)
    EXTI9_5_IRQHandler                       0x080001ab   Thumb Code     0  startup_stm32f10x_md.o(.text)
    FLASH_IRQHandler                         0x080001ab   Thumb Code     0  startup_stm32f10x_md.o(.text)
    I2C1_ER_IRQHandler                       0x080001ab   Thumb Code     0  startup_stm32f10x_md.o(.text)
    I2C1_EV_IRQHandler                       0x080001ab   Thumb Code     0  startup_stm32f10x_md.o(.text)
    I2C2_ER_IRQHandler                       0x080001ab   Thumb Code     0  startup_stm32f10x_md.o(.text)
    I2C2_EV_IRQHandler                       0x080001ab   Thumb Code     0  startup_stm32f10x_md.o(.text)
    PVD_IRQHandler                           0x080001ab   Thumb Code     0  startup_stm32f10x_md.o(.text)
    RCC_IRQHandler                           0x080001ab   Thumb Code     0  startup_stm32f10x_md.o(.text)
    RTCAlarm_IRQHandler                      0x080001ab   Thumb Code     0  startup_stm32f10x_md.o(.text)
    RTC_IRQHandler                           0x080001ab   Thumb Code     0  startup_stm32f10x_md.o(.text)
    SPI1_IRQHandler                          0x080001ab   Thumb Code     0  startup_stm32f10x_md.o(.text)
    SPI2_IRQHandler                          0x080001ab   Thumb Code     0  startup_stm32f10x_md.o(.text)
    TAMPER_IRQHandler                        0x080001ab   Thumb Code     0  startup_stm32f10x_md.o(.text)
    TIM1_BRK_IRQHandler                      0x080001ab   Thumb Code     0  startup_stm32f10x_md.o(.text)
    TIM1_CC_IRQHandler                       0x080001ab   Thumb Code     0  startup_stm32f10x_md.o(.text)
    TIM1_TRG_COM_IRQHandler                  0x080001ab   Thumb Code     0  startup_stm32f10x_md.o(.text)
    TIM1_UP_IRQHandler                       0x080001ab   Thumb Code     0  startup_stm32f10x_md.o(.text)
    TIM2_IRQHandler                          0x080001ab   Thumb Code     0  startup_stm32f10x_md.o(.text)
    TIM3_IRQHandler                          0x080001ab   Thumb Code     0  startup_stm32f10x_md.o(.text)
    TIM4_IRQHandler                          0x080001ab   Thumb Code     0  startup_stm32f10x_md.o(.text)
    USART1_IRQHandler                        0x080001ab   Thumb Code     0  startup_stm32f10x_md.o(.text)
    USART2_IRQHandler                        0x080001ab   Thumb Code     0  startup_stm32f10x_md.o(.text)
    USART3_IRQHandler                        0x080001ab   Thumb Code     0  startup_stm32f10x_md.o(.text)
    USBWakeUp_IRQHandler                     0x080001ab   Thumb Code     0  startup_stm32f10x_md.o(.text)
    USB_HP_CAN1_TX_IRQHandler                0x080001ab   Thumb Code     0  startup_stm32f10x_md.o(.text)
    USB_LP_CAN1_RX0_IRQHandler               0x080001ab   Thumb Code     0  startup_stm32f10x_md.o(.text)
    WWDG_IRQHandler                          0x080001ab   Thumb Code     0  startup_stm32f10x_md.o(.text)
    __user_initial_stackheap                 0x080001ad   Thumb Code     0  startup_stm32f10x_md.o(.text)
    __2sprintf                               0x080001d1   Thumb Code    34  noretval__2sprintf.o(.text)
    _printf_pre_padding                      0x080001f9   Thumb Code    44  _printf_pad.o(.text)
    _printf_post_padding                     0x08000225   Thumb Code    34  _printf_pad.o(.text)
    _printf_int_hex                          0x08000249   Thumb Code    84  _printf_hex_int.o(.text)
    _printf_longlong_hex                     0x08000249   Thumb Code     0  _printf_hex_int.o(.text)
    __printf                                 0x080002a1   Thumb Code   308  __printf_flags_wp.o(.text)
    __use_two_region_memory                  0x080003d9   Thumb Code     2  heapauxi.o(.text)
    __rt_heap_escrow$2region                 0x080003db   Thumb Code     2  heapauxi.o(.text)
    __rt_heap_expand$2region                 0x080003dd   Thumb Code     2  heapauxi.o(.text)
    _printf_int_common                       0x080003df   Thumb Code   178  _printf_intcommon.o(.text)
    _printf_char_common                      0x0800049b   Thumb Code    32  _printf_char_common.o(.text)
    _sputc                                   0x080004c1   Thumb Code    10  _sputc.o(.text)
    __user_setup_stackheap                   0x080004cb   Thumb Code    74  sys_stackheap_outer.o(.text)
    exit                                     0x08000515   Thumb Code    18  exit.o(.text)
    __user_libspace                          0x08000529   Thumb Code     8  libspace.o(.text)
    __user_perproc_libspace                  0x08000529   Thumb Code     0  libspace.o(.text)
    __user_perthread_libspace                0x08000529   Thumb Code     0  libspace.o(.text)
    _sys_exit                                0x08000531   Thumb Code     8  sys_exit.o(.text)
    __I$use$semihosting                      0x0800053d   Thumb Code     0  use_no_semi.o(.text)
    __use_no_semihosting_swi                 0x0800053d   Thumb Code     2  use_no_semi.o(.text)
    Delay_Init                               0x0800053f   Thumb Code     8  delay.o(i.Delay_Init)
    __semihosting_library_function           0x0800053f   Thumb Code     0  indicate_semi.o(.text)
    Delay_Ms                                 0x08000547   Thumb Code    22  delay.o(i.Delay_Ms)
    Delay_Us                                 0x0800055d   Thumb Code    26  delay.o(i.Delay_Us)
    GPIO_Init                                0x0800057d   Thumb Code   278  stm32f10x_gpio.o(i.GPIO_Init)
    GPIO_ResetBits                           0x08000693   Thumb Code     4  stm32f10x_gpio.o(i.GPIO_ResetBits)
    GPIO_SetBits                             0x08000697   Thumb Code     4  stm32f10x_gpio.o(i.GPIO_SetBits)
    Led13_Init                               0x0800069d   Thumb Code    48  main.o(i.Led13_Init)
    MFRC522_AntennaOn                        0x080006d1   Thumb Code    26  mfrc522.o(i.MFRC522_AntennaOn)
    MFRC522_Anticoll                         0x080006eb   Thumb Code    74  mfrc522.o(i.MFRC522_Anticoll)
    MFRC522_CalculateCRC                     0x08000735   Thumb Code   100  mfrc522.o(i.MFRC522_CalculateCRC)
    MFRC522_Check                            0x08000799   Thumb Code    32  mfrc522.o(i.MFRC522_Check)
    MFRC522_ClearBitMask                     0x080007b9   Thumb Code    26  mfrc522.o(i.MFRC522_ClearBitMask)
    MFRC522_Halt                             0x080007d3   Thumb Code    44  mfrc522.o(i.MFRC522_Halt)
    MFRC522_Init                             0x080007ff   Thumb Code    72  mfrc522.o(i.MFRC522_Init)
    MFRC522_InitPin                          0x08000849   Thumb Code    50  spi.o(i.MFRC522_InitPin)
    MFRC522_ReadRegister                     0x08000881   Thumb Code    50  mfrc522.o(i.MFRC522_ReadRegister)
    MFRC522_Request                          0x080008b9   Thumb Code    50  mfrc522.o(i.MFRC522_Request)
    MFRC522_Reset                            0x080008eb   Thumb Code    12  mfrc522.o(i.MFRC522_Reset)
    MFRC522_SetBitMask                       0x080008f7   Thumb Code    26  mfrc522.o(i.MFRC522_SetBitMask)
    MFRC522_ToCard                           0x08000911   Thumb Code   298  mfrc522.o(i.MFRC522_ToCard)
    MFRC522_WriteRegister                    0x08000a3d   Thumb Code    44  mfrc522.o(i.MFRC522_WriteRegister)
    RCC_APB1PeriphClockCmd                   0x08000a6d   Thumb Code    26  stm32f10x_rcc.o(i.RCC_APB1PeriphClockCmd)
    RCC_APB2PeriphClockCmd                   0x08000a8d   Thumb Code    26  stm32f10x_rcc.o(i.RCC_APB2PeriphClockCmd)
    RCC_GetClocksFreq                        0x08000aad   Thumb Code   192  stm32f10x_rcc.o(i.RCC_GetClocksFreq)
    SDCard_InitPin                           0x08000b81   Thumb Code    50  spi.o(i.SDCard_InitPin)
    SPI_Cmd                                  0x08000bb9   Thumb Code    24  stm32f10x_spi.o(i.SPI_Cmd)
    SPI_Config                               0x08000bd1   Thumb Code   150  spi.o(i.SPI_Config)
    SPI_I2S_GetFlagStatus                    0x08000c71   Thumb Code    18  stm32f10x_spi.o(i.SPI_I2S_GetFlagStatus)
    SPI_I2S_ReceiveData                      0x08000c83   Thumb Code     6  stm32f10x_spi.o(i.SPI_I2S_ReceiveData)
    SPI_I2S_SendData                         0x08000c89   Thumb Code     4  stm32f10x_spi.o(i.SPI_I2S_SendData)
    SPI_Init                                 0x08000c8d   Thumb Code    60  stm32f10x_spi.o(i.SPI_Init)
    SPI_Send                                 0x08000cc9   Thumb Code    36  spi.o(i.SPI_Send)
    SystemInit                               0x08000dd9   Thumb Code    78  system_stm32f10x.o(i.SystemInit)
    TIM_Cmd                                  0x08000e39   Thumb Code    24  stm32f10x_tim.o(i.TIM_Cmd)
    TIM_GetCounter                           0x08000e51   Thumb Code     6  stm32f10x_tim.o(i.TIM_GetCounter)
    TIM_SetCounter                           0x08000e57   Thumb Code     4  stm32f10x_tim.o(i.TIM_SetCounter)
    TIM_TimeBaseInit                         0x08000e5d   Thumb Code   122  stm32f10x_tim.o(i.TIM_TimeBaseInit)
    UART1_Init                               0x08000f51   Thumb Code   120  main.o(i.UART1_Init)
    UART_SendChar                            0x08000fd1   Thumb Code    34  main.o(i.UART_SendChar)
    UART_SendString                          0x08000ff3   Thumb Code    26  main.o(i.UART_SendString)
    USART_Cmd                                0x0800100d   Thumb Code    24  stm32f10x_usart.o(i.USART_Cmd)
    USART_GetFlagStatus                      0x08001025   Thumb Code    26  stm32f10x_usart.o(i.USART_GetFlagStatus)
    USART_Init                               0x08001041   Thumb Code   210  stm32f10x_usart.o(i.USART_Init)
    USART_SendData                           0x08001119   Thumb Code     8  stm32f10x_usart.o(i.USART_SendData)
    _is_digit                                0x08001121   Thumb Code    14  __printf_wp.o(i._is_digit)
    delay                                    0x08001481   Thumb Code    32  main.o(i.delay)
    disk_initialize                          0x0800178d   Thumb Code   280  sdmm.o(i.disk_initialize)
    disk_ioctl                               0x080018ad   Thumb Code   218  sdmm.o(i.disk_ioctl)
    disk_read                                0x08001989   Thumb Code   122  sdmm.o(i.disk_read)
    disk_status                              0x08001a09   Thumb Code    14  sdmm.o(i.disk_status)
    disk_write                               0x08001a1d   Thumb Code   152  sdmm.o(i.disk_write)
    f_close                                  0x08001ac5   Thumb Code    34  ff.o(i.f_close)
    f_mount                                  0x08001ae9   Thumb Code    80  ff.o(i.f_mount)
    f_open                                   0x08001b3d   Thumb Code   446  ff.o(i.f_open)
    f_sync                                   0x08001d01   Thumb Code   114  ff.o(i.f_sync)
    f_write                                  0x08001d79   Thumb Code   466  ff.o(i.f_write)
    main                                     0x080021d9   Thumb Code   202  main.o(i.main)
    Region$$Table$$Base                      0x08002b4c   Number         0  anon$$obj.o(Region$$Table)
    Region$$Table$$Limit                     0x08002b6c   Number         0  anon$$obj.o(Region$$Table)
    SystemCoreClock                          0x20000020   Data           4  system_stm32f10x.o(.data)
    AHBPrescTable                            0x20000024   Data          16  system_stm32f10x.o(.data)
    __libspace_start                         0x20000034   Data          96  libspace.o(.bss)
    __temporary_stack_top$libspace           0x20000094   Data           0  libspace.o(.bss)



==============================================================================

Memory Map of the image

  Image Entry point : 0x080000ed

  Load Region LR_IROM1 (Base: 0x08000000, Size: 0x00002ba0, Max: 0x00010000, ABSOLUTE)

    Execution Region ER_IROM1 (Exec base: 0x08000000, Load base: 0x08000000, Size: 0x00002b6c, Max: 0x00010000, ABSOLUTE)

    Exec Addr    Load Addr    Size         Type   Attr      Idx    E Section Name        Object

    0x08000000   0x08000000   0x000000ec   Data   RO         2021    RESET               startup_stm32f10x_md.o
    0x080000ec   0x080000ec   0x00000008   Code   RO         2127  * !!!main             c_w.l(__main.o)
    0x080000f4   0x080000f4   0x00000034   Code   RO         2293    !!!scatter          c_w.l(__scatter.o)
    0x08000128   0x08000128   0x0000001a   Code   RO         2295    !!handler_copy      c_w.l(__scatter_copy.o)
    0x08000142   0x08000142   0x00000002   PAD
    0x08000144   0x08000144   0x0000001c   Code   RO         2297    !!handler_zi        c_w.l(__scatter_zi.o)
    0x08000160   0x08000160   0x00000000   Code   RO         2124    .ARM.Collect$$_printf_percent$$00000000  c_w.l(_printf_percent.o)
    0x08000160   0x08000160   0x00000006   Code   RO         2123    .ARM.Collect$$_printf_percent$$0000000C  c_w.l(_printf_x.o)
    0x08000166   0x08000166   0x00000004   Code   RO         2136    .ARM.Collect$$_printf_percent$$00000017  c_w.l(_printf_percent_end.o)
    0x0800016a   0x0800016a   0x00000002   Code   RO         2163    .ARM.Collect$$libinit$$00000000  c_w.l(libinit.o)
    0x0800016c   0x0800016c   0x00000000   Code   RO         2170    .ARM.Collect$$libinit$$00000002  c_w.l(libinit2.o)
    0x0800016c   0x0800016c   0x00000000   Code   RO         2172    .ARM.Collect$$libinit$$00000004  c_w.l(libinit2.o)
    0x0800016c   0x0800016c   0x00000000   Code   RO         2175    .ARM.Collect$$libinit$$0000000A  c_w.l(libinit2.o)
    0x0800016c   0x0800016c   0x00000000   Code   RO         2177    .ARM.Collect$$libinit$$0000000C  c_w.l(libinit2.o)
    0x0800016c   0x0800016c   0x00000000   Code   RO         2179    .ARM.Collect$$libinit$$0000000E  c_w.l(libinit2.o)
    0x0800016c   0x0800016c   0x00000000   Code   RO         2182    .ARM.Collect$$libinit$$00000011  c_w.l(libinit2.o)
    0x0800016c   0x0800016c   0x00000000   Code   RO         2184    .ARM.Collect$$libinit$$00000013  c_w.l(libinit2.o)
    0x0800016c   0x0800016c   0x00000000   Code   RO         2186    .ARM.Collect$$libinit$$00000015  c_w.l(libinit2.o)
    0x0800016c   0x0800016c   0x00000000   Code   RO         2188    .ARM.Collect$$libinit$$00000017  c_w.l(libinit2.o)
    0x0800016c   0x0800016c   0x00000000   Code   RO         2190    .ARM.Collect$$libinit$$00000019  c_w.l(libinit2.o)
    0x0800016c   0x0800016c   0x00000000   Code   RO         2192    .ARM.Collect$$libinit$$0000001B  c_w.l(libinit2.o)
    0x0800016c   0x0800016c   0x00000000   Code   RO         2194    .ARM.Collect$$libinit$$0000001D  c_w.l(libinit2.o)
    0x0800016c   0x0800016c   0x00000000   Code   RO         2196    .ARM.Collect$$libinit$$0000001F  c_w.l(libinit2.o)
    0x0800016c   0x0800016c   0x00000000   Code   RO         2198    .ARM.Collect$$libinit$$00000021  c_w.l(libinit2.o)
    0x0800016c   0x0800016c   0x00000000   Code   RO         2200    .ARM.Collect$$libinit$$00000023  c_w.l(libinit2.o)
    0x0800016c   0x0800016c   0x00000000   Code   RO         2202    .ARM.Collect$$libinit$$00000025  c_w.l(libinit2.o)
    0x0800016c   0x0800016c   0x00000000   Code   RO         2206    .ARM.Collect$$libinit$$0000002C  c_w.l(libinit2.o)
    0x0800016c   0x0800016c   0x00000000   Code   RO         2208    .ARM.Collect$$libinit$$0000002E  c_w.l(libinit2.o)
    0x0800016c   0x0800016c   0x00000000   Code   RO         2210    .ARM.Collect$$libinit$$00000030  c_w.l(libinit2.o)
    0x0800016c   0x0800016c   0x00000000   Code   RO         2212    .ARM.Collect$$libinit$$00000032  c_w.l(libinit2.o)
    0x0800016c   0x0800016c   0x00000002   Code   RO         2213    .ARM.Collect$$libinit$$00000033  c_w.l(libinit2.o)
    0x0800016e   0x0800016e   0x00000002   Code   RO         2233    .ARM.Collect$$libshutdown$$00000000  c_w.l(libshutdown.o)
    0x08000170   0x08000170   0x00000000   Code   RO         2246    .ARM.Collect$$libshutdown$$00000002  c_w.l(libshutdown2.o)
    0x08000170   0x08000170   0x00000000   Code   RO         2248    .ARM.Collect$$libshutdown$$00000004  c_w.l(libshutdown2.o)
    0x08000170   0x08000170   0x00000000   Code   RO         2251    .ARM.Collect$$libshutdown$$00000007  c_w.l(libshutdown2.o)
    0x08000170   0x08000170   0x00000000   Code   RO         2254    .ARM.Collect$$libshutdown$$0000000A  c_w.l(libshutdown2.o)
    0x08000170   0x08000170   0x00000000   Code   RO         2256    .ARM.Collect$$libshutdown$$0000000C  c_w.l(libshutdown2.o)
    0x08000170   0x08000170   0x00000000   Code   RO         2259    .ARM.Collect$$libshutdown$$0000000F  c_w.l(libshutdown2.o)
    0x08000170   0x08000170   0x00000002   Code   RO         2260    .ARM.Collect$$libshutdown$$00000010  c_w.l(libshutdown2.o)
    0x08000172   0x08000172   0x00000000   Code   RO         2129    .ARM.Collect$$rtentry$$00000000  c_w.l(__rtentry.o)
    0x08000172   0x08000172   0x00000000   Code   RO         2138    .ARM.Collect$$rtentry$$00000002  c_w.l(__rtentry2.o)
    0x08000172   0x08000172   0x00000006   Code   RO         2150    .ARM.Collect$$rtentry$$00000004  c_w.l(__rtentry4.o)
    0x08000178   0x08000178   0x00000000   Code   RO         2140    .ARM.Collect$$rtentry$$00000009  c_w.l(__rtentry2.o)
    0x08000178   0x08000178   0x00000004   Code   RO         2141    .ARM.Collect$$rtentry$$0000000A  c_w.l(__rtentry2.o)
    0x0800017c   0x0800017c   0x00000000   Code   RO         2143    .ARM.Collect$$rtentry$$0000000C  c_w.l(__rtentry2.o)
    0x0800017c   0x0800017c   0x00000008   Code   RO         2144    .ARM.Collect$$rtentry$$0000000D  c_w.l(__rtentry2.o)
    0x08000184   0x08000184   0x00000002   Code   RO         2167    .ARM.Collect$$rtexit$$00000000  c_w.l(rtexit.o)
    0x08000186   0x08000186   0x00000000   Code   RO         2215    .ARM.Collect$$rtexit$$00000002  c_w.l(rtexit2.o)
    0x08000186   0x08000186   0x00000004   Code   RO         2216    .ARM.Collect$$rtexit$$00000003  c_w.l(rtexit2.o)
    0x0800018a   0x0800018a   0x00000006   Code   RO         2217    .ARM.Collect$$rtexit$$00000004  c_w.l(rtexit2.o)
    0x08000190   0x08000190   0x00000040   Code   RO         2022    .text               startup_stm32f10x_md.o
    0x080001d0   0x080001d0   0x00000028   Code   RO         2076    .text               c_w.l(noretval__2sprintf.o)
    0x080001f8   0x080001f8   0x0000004e   Code   RO         2080    .text               c_w.l(_printf_pad.o)
    0x08000246   0x08000246   0x00000002   PAD
    0x08000248   0x08000248   0x00000058   Code   RO         2085    .text               c_w.l(_printf_hex_int.o)
    0x080002a0   0x080002a0   0x00000138   Code   RO         2115    .text               c_w.l(__printf_flags_wp.o)
    0x080003d8   0x080003d8   0x00000006   Code   RO         2125    .text               c_w.l(heapauxi.o)
    0x080003de   0x080003de   0x000000b2   Code   RO         2130    .text               c_w.l(_printf_intcommon.o)
    0x08000490   0x08000490   0x00000030   Code   RO         2132    .text               c_w.l(_printf_char_common.o)
    0x080004c0   0x080004c0   0x0000000a   Code   RO         2134    .text               c_w.l(_sputc.o)
    0x080004ca   0x080004ca   0x0000004a   Code   RO         2154    .text               c_w.l(sys_stackheap_outer.o)
    0x08000514   0x08000514   0x00000012   Code   RO         2156    .text               c_w.l(exit.o)
    0x08000526   0x08000526   0x00000002   PAD
    0x08000528   0x08000528   0x00000008   Code   RO         2164    .text               c_w.l(libspace.o)
    0x08000530   0x08000530   0x0000000c   Code   RO         2225    .text               c_w.l(sys_exit.o)
    0x0800053c   0x0800053c   0x00000002   Code   RO         2236    .text               c_w.l(use_no_semi.o)
    0x0800053e   0x0800053e   0x00000000   Code   RO         2238    .text               c_w.l(indicate_semi.o)
    0x0800053e   0x0800053e   0x00000008   Code   RO          687    i.Delay_Init        delay.o
    0x08000546   0x08000546   0x00000016   Code   RO          688    i.Delay_Ms          delay.o
    0x0800055c   0x0800055c   0x00000020   Code   RO          689    i.Delay_Us          delay.o
    0x0800057c   0x0800057c   0x00000116   Code   RO          782    i.GPIO_Init         stm32f10x_gpio.o
    0x08000692   0x08000692   0x00000004   Code   RO          789    i.GPIO_ResetBits    stm32f10x_gpio.o
    0x08000696   0x08000696   0x00000004   Code   RO          790    i.GPIO_SetBits      stm32f10x_gpio.o
    0x0800069a   0x0800069a   0x00000002   PAD
    0x0800069c   0x0800069c   0x00000034   Code   RO            4    i.Led13_Init        main.o
    0x080006d0   0x080006d0   0x0000001a   Code   RO          170    i.MFRC522_AntennaOn  mfrc522.o
    0x080006ea   0x080006ea   0x0000004a   Code   RO          171    i.MFRC522_Anticoll  mfrc522.o
    0x08000734   0x08000734   0x00000064   Code   RO          173    i.MFRC522_CalculateCRC  mfrc522.o
    0x08000798   0x08000798   0x00000020   Code   RO          174    i.MFRC522_Check     mfrc522.o
    0x080007b8   0x080007b8   0x0000001a   Code   RO          175    i.MFRC522_ClearBitMask  mfrc522.o
    0x080007d2   0x080007d2   0x0000002c   Code   RO          177    i.MFRC522_Halt      mfrc522.o
    0x080007fe   0x080007fe   0x00000048   Code   RO          178    i.MFRC522_Init      mfrc522.o
    0x08000846   0x08000846   0x00000002   PAD
    0x08000848   0x08000848   0x00000038   Code   RO          127    i.MFRC522_InitPin   spi.o
    0x08000880   0x08000880   0x00000038   Code   RO          180    i.MFRC522_ReadRegister  mfrc522.o
    0x080008b8   0x080008b8   0x00000032   Code   RO          181    i.MFRC522_Request   mfrc522.o
    0x080008ea   0x080008ea   0x0000000c   Code   RO          182    i.MFRC522_Reset     mfrc522.o
    0x080008f6   0x080008f6   0x0000001a   Code   RO          184    i.MFRC522_SetBitMask  mfrc522.o
    0x08000910   0x08000910   0x0000012a   Code   RO          185    i.MFRC522_ToCard    mfrc522.o
    0x08000a3a   0x08000a3a   0x00000002   PAD
    0x08000a3c   0x08000a3c   0x00000030   Code   RO          187    i.MFRC522_WriteRegister  mfrc522.o
    0x08000a6c   0x08000a6c   0x00000020   Code   RO          904    i.RCC_APB1PeriphClockCmd  stm32f10x_rcc.o
    0x08000a8c   0x08000a8c   0x00000020   Code   RO          906    i.RCC_APB2PeriphClockCmd  stm32f10x_rcc.o
    0x08000aac   0x08000aac   0x000000d4   Code   RO          914    i.RCC_GetClocksFreq  stm32f10x_rcc.o
    0x08000b80   0x08000b80   0x00000038   Code   RO          128    i.SDCard_InitPin    spi.o
    0x08000bb8   0x08000bb8   0x00000018   Code   RO         1119    i.SPI_Cmd           stm32f10x_spi.o
    0x08000bd0   0x08000bd0   0x000000a0   Code   RO          129    i.SPI_Config        spi.o
    0x08000c70   0x08000c70   0x00000012   Code   RO         1127    i.SPI_I2S_GetFlagStatus  stm32f10x_spi.o
    0x08000c82   0x08000c82   0x00000006   Code   RO         1130    i.SPI_I2S_ReceiveData  stm32f10x_spi.o
    0x08000c88   0x08000c88   0x00000004   Code   RO         1131    i.SPI_I2S_SendData  stm32f10x_spi.o
    0x08000c8c   0x08000c8c   0x0000003c   Code   RO         1132    i.SPI_Init          stm32f10x_spi.o
    0x08000cc8   0x08000cc8   0x00000028   Code   RO          130    i.SPI_Send          spi.o
    0x08000cf0   0x08000cf0   0x00000008   Code   RO         2029    i.SetSysClock       system_stm32f10x.o
    0x08000cf8   0x08000cf8   0x000000e0   Code   RO         2030    i.SetSysClockTo72   system_stm32f10x.o
    0x08000dd8   0x08000dd8   0x00000060   Code   RO         2032    i.SystemInit        system_stm32f10x.o
    0x08000e38   0x08000e38   0x00000018   Code   RO         1286    i.TIM_Cmd           stm32f10x_tim.o
    0x08000e50   0x08000e50   0x00000006   Code   RO         1305    i.TIM_GetCounter    stm32f10x_tim.o
    0x08000e56   0x08000e56   0x00000004   Code   RO         1351    i.TIM_SetCounter    stm32f10x_tim.o
    0x08000e5a   0x08000e5a   0x00000002   PAD
    0x08000e5c   0x08000e5c   0x000000a4   Code   RO         1357    i.TIM_TimeBaseInit  stm32f10x_tim.o
    0x08000f00   0x08000f00   0x00000050   Code   RO          690    i.Timer_Init        delay.o
    0x08000f50   0x08000f50   0x00000080   Code   RO            5    i.UART1_Init        main.o
    0x08000fd0   0x08000fd0   0x00000022   Code   RO            6    i.UART_SendChar     main.o
    0x08000ff2   0x08000ff2   0x0000001a   Code   RO            7    i.UART_SendString   main.o
    0x0800100c   0x0800100c   0x00000018   Code   RO         1834    i.USART_Cmd         stm32f10x_usart.o
    0x08001024   0x08001024   0x0000001a   Code   RO         1837    i.USART_GetFlagStatus  stm32f10x_usart.o
    0x0800103e   0x0800103e   0x00000002   PAD
    0x08001040   0x08001040   0x000000d8   Code   RO         1841    i.USART_Init        stm32f10x_usart.o
    0x08001118   0x08001118   0x00000008   Code   RO         1851    i.USART_SendData    stm32f10x_usart.o
    0x08001120   0x08001120   0x0000000e   Code   RO         2113    i._is_digit         c_w.l(__printf_wp.o)
    0x0800112e   0x0800112e   0x00000002   PAD
    0x08001130   0x08001130   0x00000080   Code   RO          399    i.check_fs          ff.o
    0x080011b0   0x080011b0   0x00000014   Code   RO          400    i.chk_chr           ff.o
    0x080011c4   0x080011c4   0x0000001a   Code   RO          401    i.clst2sect         ff.o
    0x080011de   0x080011de   0x00000120   Code   RO          402    i.create_chain      ff.o
    0x080012fe   0x080012fe   0x00000002   PAD
    0x08001300   0x08001300   0x00000104   Code   RO          403    i.create_name       ff.o
    0x08001404   0x08001404   0x00000034   Code   RO          404    i.dbc_1st           ff.o
    0x08001438   0x08001438   0x00000048   Code   RO          405    i.dbc_2nd           ff.o
    0x08001480   0x08001480   0x00000024   Code   RO            8    i.delay             main.o
    0x080014a4   0x080014a4   0x0000001c   Code   RO          301    i.deselect          sdmm.o
    0x080014c0   0x080014c0   0x00000060   Code   RO          406    i.dir_alloc         ff.o
    0x08001520   0x08001520   0x00000060   Code   RO          407    i.dir_clear         ff.o
    0x08001580   0x08001580   0x0000006c   Code   RO          408    i.dir_find          ff.o
    0x080015ec   0x080015ec   0x000000ca   Code   RO          409    i.dir_next          ff.o
    0x080016b6   0x080016b6   0x0000003c   Code   RO          411    i.dir_register      ff.o
    0x080016f2   0x080016f2   0x0000009a   Code   RO          413    i.dir_sdi           ff.o
    0x0800178c   0x0800178c   0x00000120   Code   RO          302    i.disk_initialize   sdmm.o
    0x080018ac   0x080018ac   0x000000da   Code   RO          303    i.disk_ioctl        sdmm.o
    0x08001986   0x08001986   0x00000002   PAD
    0x08001988   0x08001988   0x00000080   Code   RO          304    i.disk_read         sdmm.o
    0x08001a08   0x08001a08   0x00000014   Code   RO          305    i.disk_status       sdmm.o
    0x08001a1c   0x08001a1c   0x0000009c   Code   RO          306    i.disk_write        sdmm.o
    0x08001ab8   0x08001ab8   0x0000000c   Code   RO          307    i.dly_us            sdmm.o
    0x08001ac4   0x08001ac4   0x00000022   Code   RO          414    i.f_close           ff.o
    0x08001ae6   0x08001ae6   0x00000002   PAD
    0x08001ae8   0x08001ae8   0x00000054   Code   RO          419    i.f_mount           ff.o
    0x08001b3c   0x08001b3c   0x000001c4   Code   RO          420    i.f_open            ff.o
    0x08001d00   0x08001d00   0x00000078   Code   RO          426    i.f_sync            ff.o
    0x08001d78   0x08001d78   0x000001d2   Code   RO          429    i.f_write           ff.o
    0x08001f4a   0x08001f4a   0x00000078   Code   RO          430    i.find_volume       ff.o
    0x08001fc2   0x08001fc2   0x0000009e   Code   RO          431    i.follow_path       ff.o
    0x08002060   0x08002060   0x000000e0   Code   RO          432    i.get_fat           ff.o
    0x08002140   0x08002140   0x0000004e   Code   RO          434    i.get_ldnumber      ff.o
    0x0800218e   0x0800218e   0x00000026   Code   RO          435    i.ld_clust          ff.o
    0x080021b4   0x080021b4   0x00000018   Code   RO          436    i.ld_dword          ff.o
    0x080021cc   0x080021cc   0x0000000c   Code   RO          437    i.ld_word           ff.o
    0x080021d8   0x080021d8   0x0000010c   Code   RO            9    i.main              main.o
    0x080022e4   0x080022e4   0x00000024   Code   RO          438    i.mem_cmp           ff.o
    0x08002308   0x08002308   0x0000001a   Code   RO          439    i.mem_cpy           ff.o
    0x08002322   0x08002322   0x00000012   Code   RO          440    i.mem_set           ff.o
    0x08002334   0x08002334   0x000002a8   Code   RO          441    i.mount_volume      ff.o
    0x080025dc   0x080025dc   0x00000034   Code   RO          442    i.move_window       ff.o
    0x08002610   0x08002610   0x00000138   Code   RO          443    i.put_fat           ff.o
    0x08002748   0x08002748   0x0000004c   Code   RO          308    i.rcvr_datablock    sdmm.o
    0x08002794   0x08002794   0x0000001a   Code   RO          309    i.rcvr_mmc          sdmm.o
    0x080027ae   0x080027ae   0x0000009a   Code   RO          444    i.remove_chain      ff.o
    0x08002848   0x08002848   0x0000002c   Code   RO          310    i.select            sdmm.o
    0x08002874   0x08002874   0x0000009c   Code   RO          311    i.send_cmd          sdmm.o
    0x08002910   0x08002910   0x00000024   Code   RO          445    i.st_clust          ff.o
    0x08002934   0x08002934   0x00000018   Code   RO          446    i.st_dword          ff.o
    0x0800294c   0x0800294c   0x0000000c   Code   RO          447    i.st_word           ff.o
    0x08002958   0x08002958   0x00000090   Code   RO          448    i.sync_fs           ff.o
    0x080029e8   0x080029e8   0x0000004a   Code   RO          449    i.sync_window       ff.o
    0x08002a32   0x08002a32   0x0000003c   Code   RO          450    i.validate          ff.o
    0x08002a6e   0x08002a6e   0x00000032   Code   RO          312    i.wait_ready        sdmm.o
    0x08002aa0   0x08002aa0   0x0000004e   Code   RO          313    i.xmit_datablock    sdmm.o
    0x08002aee   0x08002aee   0x0000001a   Code   RO          314    i.xmit_mmc          sdmm.o
    0x08002b08   0x08002b08   0x0000000a   Data   RO          451    .constdata          ff.o
    0x08002b12   0x08002b12   0x00000028   Data   RO         2086    .constdata          c_w.l(_printf_hex_int.o)
    0x08002b3a   0x08002b3a   0x00000011   Data   RO         2116    .constdata          c_w.l(__printf_flags_wp.o)
    0x08002b4b   0x08002b4b   0x00000001   PAD
    0x08002b4c   0x08002b4c   0x00000020   Data   RO         2291    Region$$Table       anon$$obj.o


    Execution Region RW_IRAM1 (Exec base: 0x20000000, Load base: 0x08002b6c, Size: 0x00000698, Max: 0x00002800, ABSOLUTE)

    Exec Addr    Load Addr    Size         Type   Attr      Idx    E Section Name        Object

    0x20000000   0x08002b6c   0x00000002   Data   RW          315    .data               sdmm.o
    0x20000002   0x08002b6e   0x00000002   PAD
    0x20000004   0x08002b70   0x00000006   Data   RW          452    .data               ff.o
    0x2000000a   0x08002b76   0x00000014   Data   RW          934    .data               stm32f10x_rcc.o
    0x2000001e   0x08002b8a   0x00000002   PAD
    0x20000020   0x08002b8c   0x00000014   Data   RW         2033    .data               system_stm32f10x.o
    0x20000034        -       0x00000060   Zero   RW         2165    .bss                c_w.l(libspace.o)
    0x20000094   0x08002ba0   0x00000004   PAD
    0x20000098        -       0x00000200   Zero   RW         2020    HEAP                startup_stm32f10x_md.o
    0x20000298        -       0x00000400   Zero   RW         2019    STACK               startup_stm32f10x_md.o


==============================================================================

Image component sizes


      Code (inc. data)   RO Data    RW Data    ZI Data      Debug   Object Name

       142         20          0          0          0       1735   delay.o
      5000         90         10          6          0      40152   ff.o
       544         82          0          0          0     267823   main.o
       864         10          0          0          0       7370   mfrc522.o
      1306         36          0          2          0      12286   sdmm.o
       312         26          0          0          0       1895   spi.o
        64         26        236          0       1536        804   startup_stm32f10x_md.o
       286          0          0          0          0       3372   stm32f10x_gpio.o
       276         32          0         20          0       4782   stm32f10x_rcc.o
       112          0          0          0          0       4310   stm32f10x_spi.o
       198         42          0          0          0       3215   stm32f10x_tim.o
       274          6          0          0          0       4428   stm32f10x_usart.o
       328         28          0         20          0       2225   system_stm32f10x.o

    ----------------------------------------------------------------------
      9722        398        278         52       1536     354397   Object Totals
         0          0         32          0          0          0   (incl. Generated)
        16          0          0          4          0          0   (incl. Padding)

    ----------------------------------------------------------------------

      Code (inc. data)   RO Data    RW Data    ZI Data      Debug   Library Member Name

         8          0          0          0          0         68   __main.o
       312          4         17          0          0         92   __printf_flags_wp.o
        14          0          0          0          0         68   __printf_wp.o
         0          0          0          0          0          0   __rtentry.o
        12          0          0          0          0          0   __rtentry2.o
         6          0          0          0          0          0   __rtentry4.o
        52          8          0          0          0          0   __scatter.o
        26          0          0          0          0          0   __scatter_copy.o
        28          0          0          0          0          0   __scatter_zi.o
        48          6          0          0          0         96   _printf_char_common.o
        88          4         40          0          0         88   _printf_hex_int.o
       178          0          0          0          0         88   _printf_intcommon.o
        78          0          0          0          0        108   _printf_pad.o
         0          0          0          0          0          0   _printf_percent.o
         4          0          0          0          0          0   _printf_percent_end.o
         6          0          0          0          0          0   _printf_x.o
        10          0          0          0          0         68   _sputc.o
        18          0          0          0          0         80   exit.o
         6          0          0          0          0        152   heapauxi.o
         0          0          0          0          0          0   indicate_semi.o
         2          0          0          0          0          0   libinit.o
         2          0          0          0          0          0   libinit2.o
         2          0          0          0          0          0   libshutdown.o
         2          0          0          0          0          0   libshutdown2.o
         8          4          0          0         96         68   libspace.o
        40          6          0          0          0         84   noretval__2sprintf.o
         2          0          0          0          0          0   rtexit.o
        10          0          0          0          0          0   rtexit2.o
        12          4          0          0          0         68   sys_exit.o
        74          0          0          0          0         80   sys_stackheap_outer.o
         2          0          0          0          0         68   use_no_semi.o

    ----------------------------------------------------------------------
      1058         36         58          0        100       1276   Library Totals
         8          0          1          0          4          0   (incl. Padding)

    ----------------------------------------------------------------------

      Code (inc. data)   RO Data    RW Data    ZI Data      Debug   Library Name

      1050         36         57          0         96       1276   c_w.l

    ----------------------------------------------------------------------
      1058         36         58          0        100       1276   Library Totals

    ----------------------------------------------------------------------

==============================================================================


      Code (inc. data)   RO Data    RW Data    ZI Data      Debug   

     10780        434        336         52       1636     350001   Grand Totals
     10780        434        336         52       1636     350001   ELF Image Totals
     10780        434        336         52          0          0   ROM Totals

==============================================================================

    Total RO  Size (Code + RO Data)                11116 (  10.86kB)
    Total RW  Size (RW Data + ZI Data)              1688 (   1.65kB)
    Total ROM Size (Code + RO Data + RW Data)      11168 (  10.91kB)

==============================================================================

