../Core/Src/main.c:109:5:main	1
../Core/Src/main.c:205:6:SystemClock_Config	4
../Core/Src/main.c:252:13:MX_ADC1_Init	3
../Core/Src/main.c:299:13:MX_I2C1_Init	2
../Core/Src/main.c:333:13:MX_I2C2_Init	2
../Core/Src/main.c:367:13:MX_GPIO_Init	1
../Core/Src/main.c:419:6:HAL_GPIO_EXTI_Callback	3
../Core/Src/main.c:441:6:StartDefaultTask	1
../Core/Src/main.c:460:6:osLCD	1
../Core/Src/main.c:489:6:osLight	1
../Core/Src/main.c:514:6:osCounter	5
../Core/Src/main.c:558:6:HAL_TIM_PeriodElapsedCallback	2
../Core/Src/main.c:575:6:Error_Handler	1
