../Core/Src/main.c:109:5:main	8	static
../Core/Src/main.c:205:6:SystemClock_Config	88	static
../Core/Src/main.c:252:13:MX_ADC1_Init	24	static
../Core/Src/main.c:299:13:MX_I2C1_Init	8	static
../Core/Src/main.c:333:13:MX_I2C2_Init	8	static
../Core/Src/main.c:367:13:MX_GPIO_Init	40	static
../Core/Src/main.c:419:6:HAL_GPIO_EXTI_Callback	16	static
../Core/Src/main.c:441:6:StartDefaultTask	16	static
../Core/Src/main.c:460:6:osLCD	96	static
../Core/Src/main.c:489:6:osLight	16	static
../Core/Src/main.c:514:6:osCounter	16	static
../Core/Src/main.c:558:6:HAL_TIM_PeriodElapsedCallback	16	static
../Core/Src/main.c:575:6:Error_Handler	4	static,ignoring_inline_asm
